Archive member included to satisfy reference by file (symbol)

freertos/libfreertos.a(tasks.c.obj)
                              CMakeFiles/firmware.dir/firmware.c.obj (xTaskCreate)
freertos/libfreertos.a(timers.c.obj)
                              freertos/libfreertos.a(tasks.c.obj) (xTimerCreateTimerTask)
freertos/libfreertos.a(heap_3.c.obj)
                              freertos/libfreertos.a(tasks.c.obj) (pvPortMalloc)
freertos/libfreertos.a(port.c.obj)
                              freertos/libfreertos.a(tasks.c.obj) (pxPortInitialiseStack)
freertos/libfreertos.a(event_groups.c.obj)
                              freertos/libfreertos.a(port.c.obj) (xEventGroupCreate)
freertos/libfreertos.a(list.c.obj)
                              freertos/libfreertos.a(tasks.c.obj) (vListInitialise)
freertos/libfreertos.a(queue.c.obj)
                              freertos/libfreertos.a(timers.c.obj) (xQueueGenericCreate)
C:/Users/eddle/.pico-sdk/toolchain/14_2_Rel1/bin/../lib/gcc/arm-none-eabi/14.2.1/thumb/v6-m/nofp\libgcc.a(_dvmd_tls.o)
                              CMakeFiles/firmware.dir/C_/Users/eddle/.pico-sdk/sdk/2.1.1/src/rp2_common/pico_divider/divider_hardware.S.obj (__aeabi_idiv0)
C:/Users/eddle/.pico-sdk/toolchain/14_2_Rel1/bin/../lib/gcc/arm-none-eabi/14.2.1/thumb/v6-m/nofp\libg.a(libc_a-calloc.o)
                              CMakeFiles/firmware.dir/C_/Users/eddle/.pico-sdk/sdk/2.1.1/src/rp2_common/pico_malloc/malloc.c.obj (calloc)
C:/Users/eddle/.pico-sdk/toolchain/14_2_Rel1/bin/../lib/gcc/arm-none-eabi/14.2.1/thumb/v6-m/nofp\libg.a(libc_a-callocr.o)
                              C:/Users/eddle/.pico-sdk/toolchain/14_2_Rel1/bin/../lib/gcc/arm-none-eabi/14.2.1/thumb/v6-m/nofp\libg.a(libc_a-calloc.o) (_calloc_r)
C:/Users/eddle/.pico-sdk/toolchain/14_2_Rel1/bin/../lib/gcc/arm-none-eabi/14.2.1/thumb/v6-m/nofp\libg.a(libc_a-malloc.o)
                              CMakeFiles/firmware.dir/C_/Users/eddle/.pico-sdk/sdk/2.1.1/src/rp2_common/pico_malloc/malloc.c.obj (malloc)
C:/Users/eddle/.pico-sdk/toolchain/14_2_Rel1/bin/../lib/gcc/arm-none-eabi/14.2.1/thumb/v6-m/nofp\libg.a(libc_a-mallocr.o)
                              C:/Users/eddle/.pico-sdk/toolchain/14_2_Rel1/bin/../lib/gcc/arm-none-eabi/14.2.1/thumb/v6-m/nofp\libg.a(libc_a-callocr.o) (_malloc_r)
C:/Users/eddle/.pico-sdk/toolchain/14_2_Rel1/bin/../lib/gcc/arm-none-eabi/14.2.1/thumb/v6-m/nofp\libg.a(libc_a-mlock.o)
                              C:/Users/eddle/.pico-sdk/toolchain/14_2_Rel1/bin/../lib/gcc/arm-none-eabi/14.2.1/thumb/v6-m/nofp\libg.a(libc_a-mallocr.o) (__malloc_lock)
C:/Users/eddle/.pico-sdk/toolchain/14_2_Rel1/bin/../lib/gcc/arm-none-eabi/14.2.1/thumb/v6-m/nofp\libg.a(libc_a-realloc.o)
                              CMakeFiles/firmware.dir/C_/Users/eddle/.pico-sdk/sdk/2.1.1/src/rp2_common/pico_malloc/malloc.c.obj (realloc)
C:/Users/eddle/.pico-sdk/toolchain/14_2_Rel1/bin/../lib/gcc/arm-none-eabi/14.2.1/thumb/v6-m/nofp\libg.a(libc_a-reallocr.o)
                              C:/Users/eddle/.pico-sdk/toolchain/14_2_Rel1/bin/../lib/gcc/arm-none-eabi/14.2.1/thumb/v6-m/nofp\libg.a(libc_a-realloc.o) (_realloc_r)
C:/Users/eddle/.pico-sdk/toolchain/14_2_Rel1/bin/../lib/gcc/arm-none-eabi/14.2.1/thumb/v6-m/nofp\libg.a(libc_a-memcmp.o)
                              CMakeFiles/firmware.dir/C_/Users/eddle/.pico-sdk/sdk/2.1.1/src/rp2_common/pico_atomic/atomic.c.obj (memcmp)
C:/Users/eddle/.pico-sdk/toolchain/14_2_Rel1/bin/../lib/gcc/arm-none-eabi/14.2.1/thumb/v6-m/nofp\libg.a(libc_a-memmove.o)
                              C:/Users/eddle/.pico-sdk/toolchain/14_2_Rel1/bin/../lib/gcc/arm-none-eabi/14.2.1/thumb/v6-m/nofp\libg.a(libc_a-reallocr.o) (memmove)
C:/Users/eddle/.pico-sdk/toolchain/14_2_Rel1/bin/../lib/gcc/arm-none-eabi/14.2.1/thumb/v6-m/nofp\libg.a(libc_a-lcltime_r.o)
                              CMakeFiles/firmware.dir/C_/Users/eddle/.pico-sdk/sdk/2.1.1/src/common/pico_util/datetime.c.obj (localtime_r)
C:/Users/eddle/.pico-sdk/toolchain/14_2_Rel1/bin/../lib/gcc/arm-none-eabi/14.2.1/thumb/v6-m/nofp\libg.a(libc_a-mktime.o)
                              CMakeFiles/firmware.dir/C_/Users/eddle/.pico-sdk/sdk/2.1.1/src/common/pico_util/datetime.c.obj (mktime)
C:/Users/eddle/.pico-sdk/toolchain/14_2_Rel1/bin/../lib/gcc/arm-none-eabi/14.2.1/thumb/v6-m/nofp\libg.a(libc_a-month_lengths.o)
                              C:/Users/eddle/.pico-sdk/toolchain/14_2_Rel1/bin/../lib/gcc/arm-none-eabi/14.2.1/thumb/v6-m/nofp\libg.a(libc_a-lcltime_r.o) (__month_lengths)
C:/Users/eddle/.pico-sdk/toolchain/14_2_Rel1/bin/../lib/gcc/arm-none-eabi/14.2.1/thumb/v6-m/nofp\libg.a(libc_a-tzcalc_limits.o)
                              C:/Users/eddle/.pico-sdk/toolchain/14_2_Rel1/bin/../lib/gcc/arm-none-eabi/14.2.1/thumb/v6-m/nofp\libg.a(libc_a-lcltime_r.o) (__tzcalc_limits)
C:/Users/eddle/.pico-sdk/toolchain/14_2_Rel1/bin/../lib/gcc/arm-none-eabi/14.2.1/thumb/v6-m/nofp\libg.a(libc_a-tzlock.o)
[...]
Memory Configuration

Name             Origin             Length             Attributes
FLASH            0x10000000         0x00200000         xr
RAM              0x20000000         0x00040000         xrw
SCRATCH_X        0x20040000         0x00001000         xrw
SCRATCH_Y        0x20041000         0x00001000         xrw
*default*        0x00000000         0xffffffff

Linker script and memory map

LOAD C:/Users/eddle/.pico-sdk/toolchain/14_2_Rel1/bin/../lib/gcc/arm-none-eabi/14.2.1/thumb/v6-m/nofp/crti.o
LOAD C:/Users/eddle/.pico-sdk/toolchain/14_2_Rel1/bin/../lib/gcc/arm-none-eabi/14.2.1/thumb/v6-m/nofp/crtbegin.o
LOAD C:/Users/eddle/.pico-sdk/toolchain/14_2_Rel1/bin/../lib/gcc/arm-none-eabi/14.2.1/thumb/v6-m/nofp/crt0.o

.flash_begin    0x10000000        0x0
                0x10000000                        __flash_binary_start = .

.boot2          0x10000000      0x100
                0x10000000                        __boot2_start__ = .
 *(.boot2)
 .boot2         0x10000000      0x100 pico-sdk/src/rp2040/boot_stage2/CMakeFiles/bs2_default_library.dir/./bs2_default_padded_checksummed.S.obj
                0x10000100                        __boot2_end__ = .
                0x00000001                        ASSERT (((__boot2_end__ - __boot2_start__) == 0x100), ERROR: Pico second stage bootloader must be 256 bytes in size)

.text           0x10000100     0x36b4
                0x10000100                        __logical_binary_start = .
 *(.vectors)
 .vectors       0x10000100       0xd4 CMakeFiles/firmware.dir/C_/Users/eddle/.pico-sdk/sdk/2.1.1/src/rp2_common/pico_crt0/crt0.S.obj
                0x10000100                __vectors
                0x10000100                __VECTOR_TABLE
                0x100001c0                isr_invalid
                0x100001c0                __default_isrs_start
                0x100001c2                isr_nmi
                0x100001c4                isr_hardfault
                0x100001cc                isr_irq11
                0x100001cc                isr_irq23
                0x100001cc                isr_irq18
                0x100001cc                isr_irq5
                0x100001cc                isr_irq31
                0x100001cc                isr_irq27
                0x100001cc                isr_irq19
                0x100001cc                isr_irq0
                0x100001cc                isr_irq6
                0x100001cc                isr_irq13
                0x100001cc                isr_irq12
                0x100001cc                isr_irq22
                0x100001cc                __unhandled_user_irq
                0x100001cc                isr_irq17
                0x100001cc                isr_irq14
                0x100001cc                isr_irq28
                0x100001cc                isr_irq2
                0x100001cc                isr_irq10
                0x100001cc                isr_irq8
                0x100001cc                isr_irq24
                0x100001cc                isr_irq1
                0x100001cc                isr_irq7
                0x100001cc                isr_irq21
                0x100001cc                isr_irq20
                0x100001cc                isr_irq15
                0x100001cc                isr_irq25
                0x100001cc                isr_irq30
                0x100001cc                isr_irq4
                0x100001cc                isr_irq16
                0x100001cc                isr_irq29
                0x100001cc                isr_irq26
                0x100001cc                __default_isrs_end
                0x100001cc                isr_irq3
                0x100001cc                isr_irq9
                0x100001d2                unhandled_user_irq_num_in_r0
 *(.binary_info_header)
 .binary_info_header
                0x100001d4       0x14 CMakeFiles/firmware.dir/C_/Users/eddle/.pico-sdk/sdk/2.1.1/src/rp2_common/pico_crt0/crt0.S.obj
                0x100001e8                        __binary_info_header_end = .
 *(.embedded_block)
                0x100001e8                        __embedded_block_end = .
 *(.reset)
 .reset         0x100001e8       0x9c CMakeFiles/firmware.dir/C_/Users/eddle/.pico-sdk/sdk/2.1.1/src/rp2_common/pico_crt0/crt0.S.obj
                0x100001e8                _entry_point
 *(.init)
 .init          0x10000284        0x4 C:/Users/eddle/.pico-sdk/toolchain/14_2_Rel1/bin/../lib/gcc/arm-none-eabi/14.2.1/thumb/v6-m/nofp/crti.o
                0x10000284                _init
 *(EXCLUDE_FILE(*libm.a: *libc.a:*lib_a-mem*.o *libgcc.a:) .text*)
 .text.register_tm_clones
                0x10000288       0x28 C:/Users/eddle/.pico-sdk/toolchain/14_2_Rel1/bin/../lib/gcc/arm-none-eabi/14.2.1/thumb/v6-m/nofp/crtbegin.o
 .text.frame_dummy
                0x100002b0       0x24 C:/Users/eddle/.pico-sdk/toolchain/14_2_Rel1/bin/../lib/gcc/arm-none-eabi/14.2.1/thumb/v6-m/nofp/crtbegin.o
 .text.task_init
                0x100002d4       0x1c CMakeFiles/firmware.dir/firmware.c.obj
                0x100002d4                task_init
 .text.task_blinky
                0x100002f0       0x48 CMakeFiles/firmware.dir/firmware.c.obj
                0x100002f0                task_blinky
 .text.startup.main
                0x10000338       0x44 CMakeFiles/firmware.dir/firmware.c.obj
                0x10000338                main
 .text.gpio_init
                0x1000037c       0x40 CMakeFiles/firmware.dir/C_/Users/eddle/.pico-sdk/sdk/2.1.1/src/rp2_common/hardware_gpio/gpio.c.obj
                0x1000037c                gpio_init
 .text.panic    0x100003bc       0x30 CMakeFiles/firmware.dir/C_/Users/eddle/.pico-sdk/sdk/2.1.1/src/rp2_common/pico_platform_panic/panic.c.obj
                0x100003bc                panic
 .text.panic_unsupported
                0x100003ec        0xc CMakeFiles/firmware.dir/C_/Users/eddle/.pico-sdk/sdk/2.1.1/src/rp2_common/pico_platform_panic/panic.c.obj
                0x100003ec                panic_unsupported
 .text.hw_claim_or_assert
                0x100003f8       0x44 CMakeFiles/firmware.dir/C_/Users/eddle/.pico-sdk/sdk/2.1.1/src/common/hardware_claim/claim.c.obj
                0x100003f8                hw_claim_or_assert
 .text.next_striped_spin_lock_num
                0x1000043c       0x18 CMakeFiles/firmware.dir/C_/Users/eddle/.pico-sdk/sdk/2.1.1/src/rp2_common/hardware_sync/sync.c.obj
                0x1000043c                next_striped_spin_lock_num
 .text.spin_locks_reset
                0x10000454       0x1c CMakeFiles/firmware.dir/C_/Users/eddle/.pico-sdk/sdk/2.1.1/src/rp2_common/hardware_sync_spin_lock/sync_spin_lock.c.obj
                0x10000454                spin_locks_reset
 .text.runtime_init_per_core_irq_priorities
                0x10000470       0x24 CMakeFiles/firmware.dir/C_/Users/eddle/.pico-sdk/sdk/2.1.1/src/rp2_common/hardware_irq/irq.c.obj
                0x10000470                runtime_init_per_core_irq_priorities
 .text.irq_set_enabled
                0x10000494       0x24 CMakeFiles/firmware.dir/C_/Users/eddle/.pico-sdk/sdk/2.1.1/src/rp2_common/hardware_irq/irq.c.obj
                0x10000494                irq_set_enabled
 .text.irq_set_exclusive_handler
                0x100004b8       0x54 CMakeFiles/firmware.dir/C_/Users/eddle/.pico-sdk/sdk/2.1.1/src/rp2_common/hardware_irq/irq.c.obj
                0x100004b8                irq_set_exclusive_handler
 .text.lock_init
                0x1000050c       0x10 CMakeFiles/firmware.dir/C_/Users/eddle/.pico-sdk/sdk/2.1.1/src/common/pico_sync/lock_core.c.obj
                0x1000050c                lock_init
 .text.runtime_init_mutex
                0x1000051c       0x50 CMakeFiles/firmware.dir/C_/Users/eddle/.pico-sdk/sdk/2.1.1/src/common/pico_sync/mutex.c.obj
                0x1000051c                runtime_init_mutex
 .text.sleep_until_callback
                0x1000056c       0x30 CMakeFiles/firmware.dir/C_/Users/eddle/.pico-sdk/sdk/2.1.1/src/common/pico_time/time.c.obj
 .text.alarm_pool_irq_handler
                0x1000059c      0x300 CMakeFiles/firmware.dir/C_/Users/eddle/.pico-sdk/sdk/2.1.1/src/common/pico_time/time.c.obj
 .text.runtime_init_default_alarm_pool
                0x1000089c       0xdc CMakeFiles/firmware.dir/C_/Users/eddle/.pico-sdk/sdk/2.1.1/src/common/pico_time/time.c.obj
                0x1000089c                runtime_init_default_alarm_pool
 .text.alarm_pool_add_alarm_at_force_in_context
                0x10000978       0xb0 CMakeFiles/firmware.dir/C_/Users/eddle/.pico-sdk/sdk/2.1.1/src/common/pico_time/time.c.obj
                0x10000978                alarm_pool_add_alarm_at_force_in_context
 .text.alarm_pool_cancel_alarm
                0x10000a28       0x74 CMakeFiles/firmware.dir/C_/Users/eddle/.pico-sdk/sdk/2.1.1/src/common/pico_time/time.c.obj
                0x10000a28                alarm_pool_cancel_alarm
 .text.best_effort_wfe_or_timeout
                0x10000a9c      0x10c CMakeFiles/firmware.dir/C_/Users/eddle/.pico-sdk/sdk/2.1.1/src/common/pico_time/time.c.obj
                0x10000a9c                best_effort_wfe_or_timeout
 .text.timer_hardware_alarm_claim
                0x10000ba8       0x14 CMakeFiles/firmware.dir/C_/Users/eddle/.pico-sdk/sdk/2.1.1/src/rp2_common/hardware_timer/timer.c.obj
                0x10000ba8                timer_hardware_alarm_claim
 .text.timer_time_us_64
                0x10000bbc       0x10 CMakeFiles/firmware.dir/C_/Users/eddle/.pico-sdk/sdk/2.1.1/src/rp2_common/hardware_timer/timer.c.obj
                0x10000bbc                timer_time_us_64
 .text.time_us_64
                0x10000bcc       0x14 CMakeFiles/firmware.dir/C_/Users/eddle/.pico-sdk/sdk/2.1.1/src/rp2_common/hardware_timer/timer.c.obj
                0x10000bcc                time_us_64
 .text.clock_configure_int_divider
                0x10000be0       0xf4 CMakeFiles/firmware.dir/C_/Users/eddle/.pico-sdk/sdk/2.1.1/src/rp2_common/hardware_clocks/clocks.c.obj
                0x10000be0                clock_configure_int_divider
 .text.clock_configure_undivided
                0x10000cd4       0xe8 CMakeFiles/firmware.dir/C_/Users/eddle/.pico-sdk/sdk/2.1.1/src/rp2_common/hardware_clocks/clocks.c.obj
                0x10000cd4                clock_configure_undivided
 .text.clock_get_hz
                0x10000dbc        0xc CMakeFiles/firmware.dir/C_/Users/eddle/.pico-sdk/sdk/2.1.1/src/rp2_common/hardware_clocks/clocks.c.obj
                0x10000dbc                clock_get_hz
 .text.pll_init
                0x10000dc8       0xa4 CMakeFiles/firmware.dir/C_/Users/eddle/.pico-sdk/sdk/2.1.1/src/rp2_common/hardware_pll/pll.c.obj
                0x10000dc8                pll_init
 .text.tick_start
                0x10000e6c       0x10 CMakeFiles/firmware.dir/C_/Users/eddle/.pico-sdk/sdk/2.1.1/src/rp2_common/hardware_ticks/ticks.c.obj
                0x10000e6c                tick_start
 .text.rom_func_lookup
                0x10000e7c       0x10 CMakeFiles/firmware.dir/C_/Users/eddle/.pico-sdk/sdk/2.1.1/src/rp2_common/pico_bootrom/bootrom.c.obj
                0x10000e7c                rom_func_lookup
 .text.rom_data_lookup
                0x10000e8c       0x10 CMakeFiles/firmware.dir/C_/Users/eddle/.pico-sdk/sdk/2.1.1/src/rp2_common/pico_bootrom/bootrom.c.obj
                0x10000e8c                rom_data_lookup
 .text.rom_funcs_lookup
                0x10000e9c       0x44 CMakeFiles/firmware.dir/C_/Users/eddle/.pico-sdk/sdk/2.1.1/src/rp2_common/pico_bootrom/bootrom.c.obj
                0x10000e9c                rom_funcs_lookup
 .text.xosc_init
                0x10000ee0       0x28 CMakeFiles/firmware.dir/C_/Users/eddle/.pico-sdk/sdk/2.1.1/src/rp2_common/hardware_xosc/xosc.c.obj
                0x10000ee0                xosc_init
 .text.first_per_core_initializer
                0x10000f08        0x4 CMakeFiles/firmware.dir/C_/Users/eddle/.pico-sdk/sdk/2.1.1/src/rp2_common/pico_runtime/runtime.c.obj
 .text.hard_assertion_failure
                0x10000f0c        0xc CMakeFiles/firmware.dir/C_/Users/eddle/.pico-sdk/sdk/2.1.1/src/rp2_common/pico_runtime/runtime.c.obj
                0x10000f0c                hard_assertion_failure
 .text.runtime_run_initializers
                0x10000f18       0x28 CMakeFiles/firmware.dir/C_/Users/eddle/.pico-sdk/sdk/2.1.1/src/rp2_common/pico_runtime/runtime.c.obj
                0x10000f18                runtime_run_initializers
 .text.runtime_init_early_resets
                0x10000f40       0x2c CMakeFiles/firmware.dir/C_/Users/eddle/.pico-sdk/sdk/2.1.1/src/rp2_common/pico_runtime_init/runtime_init.c.obj
                0x10000f40                runtime_init_early_resets
 .text.runtime_init_usb_power_down
                0x10000f6c       0x1c CMakeFiles/firmware.dir/C_/Users/eddle/.pico-sdk/sdk/2.1.1/src/rp2_common/pico_runtime_init/runtime_init.c.obj
                0x10000f6c                runtime_init_usb_power_down
 .text.runtime_init_post_clock_resets
                0x10000f88       0x20 CMakeFiles/firmware.dir/C_/Users/eddle/.pico-sdk/sdk/2.1.1/src/rp2_common/pico_runtime_init/runtime_init.c.obj
                0x10000f88                runtime_init_post_clock_resets
 .text.runtime_init_rp2040_gpio_ie_disable
                0x10000fa8       0x14 CMakeFiles/firmware.dir/C_/Users/eddle/.pico-sdk/sdk/2.1.1/src/rp2_common/pico_runtime_init/runtime_init.c.obj
                0x10000fa8                runtime_init_rp2040_gpio_ie_disable
 .text.runtime_init_spin_locks_reset
                0x10000fbc        0x8 CMakeFiles/firmware.dir/C_/Users/eddle/.pico-sdk/sdk/2.1.1/src/rp2_common/pico_runtime_init/runtime_init.c.obj
                0x10000fbc                runtime_init_spin_locks_reset
 .text.runtime_init_install_ram_vector_table
                0x10000fc4       0x1c CMakeFiles/firmware.dir/C_/Users/eddle/.pico-sdk/sdk/2.1.1/src/rp2_common/pico_runtime_init/runtime_init.c.obj
                0x10000fc4                runtime_init_install_ram_vector_table
 .text.runtime_init_clocks
                0x10000fe0       0xd8 CMakeFiles/firmware.dir/C_/Users/eddle/.pico-sdk/sdk/2.1.1/src/rp2_common/pico_runtime_init/runtime_init_clocks.c.obj
                0x10000fe0                runtime_init_clocks
 .text          0x100010b8       0x10 CMakeFiles/firmware.dir/C_/Users/eddle/.pico-sdk/sdk/2.1.1/src/rp2_common/pico_bit_ops/bit_ops_aeabi.S.obj
 .text.__wrap___aeabi_uidiv
                0x100010c8       0x4c CMakeFiles/firmware.dir/C_/Users/eddle/.pico-sdk/sdk/2.1.1/src/rp2_common/pico_divider/divider_hardware.S.obj
                0x100010c8                __wrap___aeabi_uidiv
                0x100010c8                __wrap___aeabi_uidivmod
                0x100010c8                div_u32u32
                0x100010c8                divmod_u32u32
                0x100010d0                divmod_u32u32_unsafe
                0x100010f8                divmod_u32u32_savestate
 .text.__aeabi_double_init
                0x10001114       0xa4 CMakeFiles/firmware.dir/C_/Users/eddle/.pico-sdk/sdk/2.1.1/src/rp2_common/pico_double/double_init_rom_rp2040.c.obj
                0x10001114                __aeabi_double_init
 .text.double_table_shim_on_use_helper
                0x100011b8       0x2c CMakeFiles/firmware.dir/C_/Users/eddle/.pico-sdk/sdk/2.1.1/src/rp2_common/pico_double/double_v1_rom_shim_rp2040.S.obj
                0x100011b8                double_table_shim_on_use_helper
 .text.__aeabi_float_init
                0x100011e4       0x64 CMakeFiles/firmware.dir/C_/Users/eddle/.pico-sdk/sdk/2.1.1/src/rp2_common/pico_float/float_init_rom_rp2040.c.obj
                0x100011e4                __aeabi_float_init
 .text.float_table_shim_on_use_helper
                0x10001248       0x2c CMakeFiles/firmware.dir/C_/Users/eddle/.pico-sdk/sdk/2.1.1/src/rp2_common/pico_float/float_v1_rom_shim_rp2040.S.obj
                0x10001248                float_table_shim_on_use_helper
 .text.__wrap_malloc
                0x10001274       0x24 CMakeFiles/firmware.dir/C_/Users/eddle/.pico-sdk/sdk/2.1.1/src/rp2_common/pico_malloc/malloc.c.obj
                0x10001274                __wrap_malloc
 .text.__wrap_free
                0x10001298        0x8 CMakeFiles/firmware.dir/C_/Users/eddle/.pico-sdk/sdk/2.1.1/src/rp2_common/pico_malloc/malloc.c.obj
                0x10001298                __wrap_free
 .text          0x100012a0       0x10 CMakeFiles/firmware.dir/C_/Users/eddle/.pico-sdk/sdk/2.1.1/src/rp2_common/pico_mem_ops/mem_ops_aeabi.S.obj
                0x100012a0                __aeabi_mem_init
 .text.memset   0x100012b0        0xc CMakeFiles/firmware.dir/C_/Users/eddle/.pico-sdk/sdk/2.1.1/src/rp2_common/pico_mem_ops/mem_ops_aeabi.S.obj
                0x100012b0                __wrap_memset
 .text.memcpy   0x100012bc        0xc CMakeFiles/firmware.dir/C_/Users/eddle/.pico-sdk/sdk/2.1.1/src/rp2_common/pico_mem_ops/mem_ops_aeabi.S.obj
                0x100012bc                __wrap_memcpy
                0x100012bc                __wrap___aeabi_memcpy
 .text._out_char
                0x100012c8       0x10 CMakeFiles/firmware.dir/C_/Users/eddle/.pico-sdk/sdk/2.1.1/src/rp2_common/pico_printf/printf.c.obj
 .text.weak_raw_vprintf
                0x100012d8       0x30 CMakeFiles/firmware.dir/C_/Users/eddle/.pico-sdk/sdk/2.1.1/src/rp2_common/pico_printf/printf.c.obj
                0x100012d8                weak_raw_vprintf
 .text._exit    0x10001308        0x4 CMakeFiles/firmware.dir/C_/Users/eddle/.pico-sdk/sdk/2.1.1/src/rp2_common/pico_clib_interface/newlib_interface.c.obj
                0x10001308                _exit
 .text._sbrk    0x1000130c       0x34 CMakeFiles/firmware.dir/C_/Users/eddle/.pico-sdk/sdk/2.1.1/src/rp2_common/pico_clib_interface/newlib_interface.c.obj
                0x1000130c                _sbrk
 .text.exit     0x10001340        0x8 CMakeFiles/firmware.dir/C_/Users/eddle/.pico-sdk/sdk/2.1.1/src/rp2_common/pico_clib_interface/newlib_interface.c.obj
                0x10001340                exit
 .text.runtime_init
                0x10001348       0x2c CMakeFiles/firmware.dir/C_/Users/eddle/.pico-sdk/sdk/2.1.1/src/rp2_common/pico_clib_interface/newlib_interface.c.obj
                0x10001348                runtime_init
 .text.stdio_out_chars_no_crlf
                0x10001374       0x10 CMakeFiles/firmware.dir/C_/Users/eddle/.pico-sdk/sdk/2.1.1/src/rp2_common/pico_stdio/stdio.c.obj
 .text.stdio_out_chars_crlf
                0x10001384       0xb0 CMakeFiles/firmware.dir/C_/Users/eddle/.pico-sdk/sdk/2.1.1/src/rp2_common/pico_stdio/stdio.c.obj
 .text.stdio_put_string
                0x10001434       0xfc CMakeFiles/firmware.dir/C_/Users/eddle/.pico-sdk/sdk/2.1.1/src/rp2_common/pico_stdio/stdio.c.obj
                0x10001434                stdio_put_string
 .text.stdio_init_all
                0x10001530        0x4 CMakeFiles/firmware.dir/C_/Users/eddle/.pico-sdk/sdk/2.1.1/src/rp2_common/pico_stdio/stdio.c.obj
                0x10001530                stdio_init_all
 .text.__wrap_putchar
                0x10001534       0x94 CMakeFiles/firmware.dir/C_/Users/eddle/.pico-sdk/sdk/2.1.1/src/rp2_common/pico_stdio/stdio.c.obj
                0x10001534                __wrap_putchar
                0x10001534                stdio_putchar
 .text.__wrap_puts
                0x100015c8       0x3c CMakeFiles/firmware.dir/C_/Users/eddle/.pico-sdk/sdk/2.1.1/src/rp2_common/pico_stdio/stdio.c.obj
                0x100015c8                stdio_puts
                0x100015c8                __wrap_puts
 .text.exception_set_exclusive_handler
                0x10001604       0x48 CMakeFiles/firmware.dir/C_/Users/eddle/.pico-sdk/sdk/2.1.1/src/rp2_common/hardware_exception/exception.c.obj
                0x10001604                exception_set_exclusive_handler
 .text.prvAddNewTaskToReadyList
                0x1000164c      0x120 freertos/libfreertos.a(tasks.c.obj)
 .text.prvIdleTask
                0x1000176c       0x60 freertos/libfreertos.a(tasks.c.obj)
 .text.xTaskIncrementTick.part.0
                0x100017cc      0x15c freertos/libfreertos.a(tasks.c.obj)
 .text.xTaskCreate
                0x10001928      0x12c freertos/libfreertos.a(tasks.c.obj)
                0x10001928                xTaskCreate
 .text.vTaskDelete
                0x10001a54       0xc0 freertos/libfreertos.a(tasks.c.obj)
                0x10001a54                vTaskDelete
 .text.vTaskStartScheduler
                0x10001b14       0xac freertos/libfreertos.a(tasks.c.obj)
                0x10001b14                vTaskStartScheduler
 .text.vTaskSuspendAll
                0x10001bc0       0x10 freertos/libfreertos.a(tasks.c.obj)
                0x10001bc0                vTaskSuspendAll
 .text.xTaskResumeAll
                0x10001bd0      0x188 freertos/libfreertos.a(tasks.c.obj)
                0x10001bd0                xTaskResumeAll
 .text.vTaskDelay
                0x10001d58       0x7c freertos/libfreertos.a(tasks.c.obj)
                0x10001d58                vTaskDelay
 .text.xTaskGetTickCount
                0x10001dd4        0xc freertos/libfreertos.a(tasks.c.obj)
                0x10001dd4                xTaskGetTickCount
 .text.xTaskIncrementTick
                0x10001de0       0x24 freertos/libfreertos.a(tasks.c.obj)
                0x10001de0                xTaskIncrementTick
 .text.vTaskSwitchContext
                0x10001e04       0xa4 freertos/libfreertos.a(tasks.c.obj)
                0x10001e04                vTaskSwitchContext
 .text.vTaskPlaceOnEventList
                0x10001ea8       0x98 freertos/libfreertos.a(tasks.c.obj)
                0x10001ea8                vTaskPlaceOnEventList
 .text.vTaskPlaceOnEventListRestricted
                0x10001f40       0xc4 freertos/libfreertos.a(tasks.c.obj)
                0x10001f40                vTaskPlaceOnEventListRestricted
 .text.xTaskRemoveFromEventList
                0x10002004       0xcc freertos/libfreertos.a(tasks.c.obj)
                0x10002004                xTaskRemoveFromEventList
 .text.vTaskInternalSetTimeOutState
                0x100020d0       0x18 freertos/libfreertos.a(tasks.c.obj)
                0x100020d0                vTaskInternalSetTimeOutState
 .text.xTaskCheckForTimeOut
                0x100020e8       0x5c freertos/libfreertos.a(tasks.c.obj)
                0x100020e8                xTaskCheckForTimeOut
 .text.vTaskMissedYield
                0x10002144        0xc freertos/libfreertos.a(tasks.c.obj)
                0x10002144                vTaskMissedYield
 .text.prvTimerTask
                0x10002150      0x38c freertos/libfreertos.a(timers.c.obj)
 .text.xTimerCreateTimerTask
                0x100024dc       0x88 freertos/libfreertos.a(timers.c.obj)
                0x100024dc                xTimerCreateTimerTask
 .text.pvPortMalloc
                0x10002564       0x18 freertos/libfreertos.a(heap_3.c.obj)
                0x10002564                pvPortMalloc
 .text.vPortFree
                0x1000257c       0x18 freertos/libfreertos.a(heap_3.c.obj)
                0x1000257c                vPortFree
 *fill*         0x10002594        0xc 
 .text.vPortStartFirstTask
                0x100025a0       0x34 freertos/libfreertos.a(port.c.obj)
 *fill*         0x100025d4        0xc 
 .text.isr_pendsv
                0x100025e0       0x64 freertos/libfreertos.a(port.c.obj)
                0x100025e0                isr_pendsv
 .text.prvTaskExitError
                0x10002644        0x8 freertos/libfreertos.a(port.c.obj)
 .text.isr_svcall
                0x1000264c        0x4 freertos/libfreertos.a(port.c.obj)
                0x1000264c                isr_svcall
 .text.pxPortInitialiseStack
                0x10002650       0x20 freertos/libfreertos.a(port.c.obj)
                0x10002650                pxPortInitialiseStack
 .text.vPortYield
                0x10002670       0x18 freertos/libfreertos.a(port.c.obj)
                0x10002670                vPortYield
 .text.vPortEnterCritical
                0x10002688       0x18 freertos/libfreertos.a(port.c.obj)
                0x10002688                vPortEnterCritical
 .text.vPortExitCritical
                0x100026a0       0x14 freertos/libfreertos.a(port.c.obj)
                0x100026a0                vPortExitCritical
 .text.ulSetInterruptMaskFromISR
                0x100026b4        0x8 freertos/libfreertos.a(port.c.obj)
                0x100026b4                ulSetInterruptMaskFromISR
 .text.vClearInterruptMaskFromISR
                0x100026bc        0x8 freertos/libfreertos.a(port.c.obj)
                0x100026bc                vClearInterruptMaskFromISR
 .text.isr_systick
                0x100026c4       0x24 freertos/libfreertos.a(port.c.obj)
                0x100026c4                isr_systick
 .text.vPortSetupTimerInterrupt
                0x100026e8       0x34 freertos/libfreertos.a(port.c.obj)
                0x100026e8                vPortSetupTimerInterrupt
 .text.xPortStartScheduler
                0x1000271c       0x68 freertos/libfreertos.a(port.c.obj)
                0x1000271c                xPortStartScheduler
 .text.startup.prvRuntimeInitializer
                0x10002784       0x28 freertos/libfreertos.a(port.c.obj)
 .text.xEventGroupCreate
                0x100027ac       0x18 freertos/libfreertos.a(event_groups.c.obj)
                0x100027ac                xEventGroupCreate
 .text.vListInitialise
                0x100027c4       0x18 freertos/libfreertos.a(list.c.obj)
                0x100027c4                vListInitialise
 .text.vListInitialiseItem
                0x100027dc        0x8 freertos/libfreertos.a(list.c.obj)
                0x100027dc                vListInitialiseItem
 .text.vListInsertEnd
                0x100027e4       0x18 freertos/libfreertos.a(list.c.obj)
                0x100027e4                vListInsertEnd
 .text.vListInsert
                0x100027fc       0x30 freertos/libfreertos.a(list.c.obj)
                0x100027fc                vListInsert
 .text.uxListRemove
                0x1000282c       0x20 freertos/libfreertos.a(list.c.obj)
                0x1000282c                uxListRemove
 .text.xQueueGenericCreate
                0x1000284c       0x9c freertos/libfreertos.a(queue.c.obj)
                0x1000284c                xQueueGenericCreate
 .text.xQueueReceive
                0x100028e8      0x2b4 freertos/libfreertos.a(queue.c.obj)
                0x100028e8                xQueueReceive
 .text.vQueueAddToRegistry
                0x10002b9c      0x168 freertos/libfreertos.a(queue.c.obj)
                0x10002b9c                vQueueAddToRegistry
 .text.vQueueWaitForMessageRestricted
                0x10002d04       0xd0 freertos/libfreertos.a(queue.c.obj)
                0x10002d04                vQueueWaitForMessageRestricted
 .text.malloc   0x10002dd4       0x14 C:/Users/eddle/.pico-sdk/toolchain/14_2_Rel1/bin/../lib/gcc/arm-none-eabi/14.2.1/thumb/v6-m/nofp\libg.a(libc_a-malloc.o)
                0x10002dd4                malloc
 .text.free     0x10002de8       0x14 C:/Users/eddle/.pico-sdk/toolchain/14_2_Rel1/bin/../lib/gcc/arm-none-eabi/14.2.1/thumb/v6-m/nofp\libg.a(libc_a-malloc.o)
                0x10002de8                free
 .text._malloc_r
                0x10002dfc      0x5cc C:/Users/eddle/.pico-sdk/toolchain/14_2_Rel1/bin/../lib/gcc/arm-none-eabi/14.2.1/thumb/v6-m/nofp\libg.a(libc_a-mallocr.o)
                0x10002dfc                _malloc_r
 .text.__malloc_lock
                0x100033c8       0x10 C:/Users/eddle/.pico-sdk/toolchain/14_2_Rel1/bin/../lib/gcc/arm-none-eabi/14.2.1/thumb/v6-m/nofp\libg.a(libc_a-mlock.o)
                0x100033c8                __malloc_lock
 .text.__malloc_unlock
                0x100033d8       0x10 C:/Users/eddle/.pico-sdk/toolchain/14_2_Rel1/bin/../lib/gcc/arm-none-eabi/14.2.1/thumb/v6-m/nofp\libg.a(libc_a-mlock.o)
                0x100033d8                __malloc_unlock
 .text._sbrk_r  0x100033e8       0x24 C:/Users/eddle/.pico-sdk/toolchain/14_2_Rel1/bin/../lib/gcc/arm-none-eabi/14.2.1/thumb/v6-m/nofp\libg.a(libc_a-sbrkr.o)
                0x100033e8                _sbrk_r
 .text.__errno  0x1000340c        0xc C:/Users/eddle/.pico-sdk/toolchain/14_2_Rel1/bin/../lib/gcc/arm-none-eabi/14.2.1/thumb/v6-m/nofp\libg.a(libc_a-errno.o)
                0x1000340c                __errno
 .text.__retarget_lock_acquire_recursive
                0x10003418        0x4 C:/Users/eddle/.pico-sdk/toolchain/14_2_Rel1/bin/../lib/gcc/arm-none-eabi/14.2.1/thumb/v6-m/nofp\libg.a(libc_a-lock.o)
                0x10003418                __retarget_lock_acquire_recursive
 .text.__retarget_lock_release_recursive
                0x1000341c        0x4 C:/Users/eddle/.pico-sdk/toolchain/14_2_Rel1/bin/../lib/gcc/arm-none-eabi/14.2.1/thumb/v6-m/nofp\libg.a(libc_a-lock.o)
                0x1000341c                __retarget_lock_release_recursive
 .text.sysconf  0x10003420       0x1c C:/Users/eddle/.pico-sdk/toolchain/14_2_Rel1/bin/../lib/gcc/arm-none-eabi/14.2.1/thumb/v6-m/nofp\libg.a(libc_a-sysconf.o)
                0x10003420                sysconf
 .text.strlen   0x1000343c       0x5c C:/Users/eddle/.pico-sdk/toolchain/14_2_Rel1/bin/../lib/gcc/arm-none-eabi/14.2.1/thumb/v6-m/nofp\libg.a(libc_a-strlen-stub.o)
                0x1000343c                strlen
 .text._malloc_trim_r
                0x10003498       0xb4 C:/Users/eddle/.pico-sdk/toolchain/14_2_Rel1/bin/../lib/gcc/arm-none-eabi/14.2.1/thumb/v6-m/nofp\libg.a(libc_a-freer.o)
                0x10003498                _malloc_trim_r
 .text._free_r  0x1000354c      0x1f0 C:/Users/eddle/.pico-sdk/toolchain/14_2_Rel1/bin/../lib/gcc/arm-none-eabi/14.2.1/thumb/v6-m/nofp\libg.a(libc_a-freer.o)
                0x1000354c                _free_r
 *(.fini)
 .fini          0x1000373c        0x4 C:/Users/eddle/.pico-sdk/toolchain/14_2_Rel1/bin/../lib/gcc/arm-none-eabi/14.2.1/thumb/v6-m/nofp/crti.o
                0x1000373c                _fini
 .fini.__stub   0x10003740       0x30 linker stubs
 *crtbegin.o(.ctors)
 *crtbegin?.o(.ctors)
 *(EXCLUDE_FILE(*crtend.o *crtend?.o) .ctors)
 *(SORT_BY_NAME(.ctors.*))
 *(.ctors)
 *crtbegin.o(.dtors)
 *crtbegin?.o(.dtors)
 *(EXCLUDE_FILE(*crtend.o *crtend?.o) .dtors)
 *(SORT_BY_NAME(.dtors.*))
 *(.dtors)
                0x10003770                        . = ALIGN (0x4)
                0x10003770                        PROVIDE (__preinit_array_start = .)
 *(SORT_BY_NAME(.preinit_array.*))
 .preinit_array.00100
                0x10003770        0x4 CMakeFiles/firmware.dir/C_/Users/eddle/.pico-sdk/sdk/2.1.1/src/rp2_common/pico_runtime_init/runtime_init.c.obj
                0x10003770                __pre_init_runtime_init_early_resets
 .preinit_array.00101
                0x10003774        0x4 CMakeFiles/firmware.dir/C_/Users/eddle/.pico-sdk/sdk/2.1.1/src/rp2_common/pico_runtime_init/runtime_init.c.obj
                0x10003774                __pre_init_runtime_init_usb_power_down
 .preinit_array.00275
                0x10003778        0x4 CMakeFiles/firmware.dir/C_/Users/eddle/.pico-sdk/sdk/2.1.1/src/rp2_common/pico_bit_ops/bit_ops_aeabi.S.obj
 .preinit_array.00300
                0x1000377c        0x4 CMakeFiles/firmware.dir/C_/Users/eddle/.pico-sdk/sdk/2.1.1/src/rp2_common/pico_mem_ops/mem_ops_aeabi.S.obj
 .preinit_array.00350
                0x10003780        0x4 CMakeFiles/firmware.dir/C_/Users/eddle/.pico-sdk/sdk/2.1.1/src/rp2_common/pico_double/double_aeabi_rp2040.S.obj
 .preinit_array.00350
                0x10003784        0x4 CMakeFiles/firmware.dir/C_/Users/eddle/.pico-sdk/sdk/2.1.1/src/rp2_common/pico_float/float_aeabi_rp2040.S.obj
 .preinit_array.00500
                0x10003788        0x4 CMakeFiles/firmware.dir/C_/Users/eddle/.pico-sdk/sdk/2.1.1/src/rp2_common/pico_runtime_init/runtime_init.c.obj
                0x10003788                __pre_init_runtime_init_clocks
 .preinit_array.00600
                0x1000378c        0x4 CMakeFiles/firmware.dir/C_/Users/eddle/.pico-sdk/sdk/2.1.1/src/rp2_common/pico_runtime_init/runtime_init.c.obj
                0x1000378c                __pre_init_runtime_init_post_clock_resets
 .preinit_array.00700
                0x10003790        0x4 CMakeFiles/firmware.dir/C_/Users/eddle/.pico-sdk/sdk/2.1.1/src/rp2_common/pico_runtime_init/runtime_init.c.obj
                0x10003790                __pre_init_runtime_init_rp2040_gpio_ie_disable
 .preinit_array.01000
                0x10003794        0x4 CMakeFiles/firmware.dir/C_/Users/eddle/.pico-sdk/sdk/2.1.1/src/rp2_common/pico_runtime_init/runtime_init.c.obj
                0x10003794                __pre_init_runtime_init_spin_locks_reset
 .preinit_array.01100
                0x10003798        0x4 CMakeFiles/firmware.dir/C_/Users/eddle/.pico-sdk/sdk/2.1.1/src/common/pico_sync/mutex.c.obj
                0x10003798                __pre_init_runtime_init_mutex
 .preinit_array.10080
                0x1000379c        0x4 CMakeFiles/firmware.dir/C_/Users/eddle/.pico-sdk/sdk/2.1.1/src/rp2_common/pico_runtime_init/runtime_init.c.obj
                0x1000379c                __pre_init_runtime_init_install_ram_vector_table
 .preinit_array.11000
                0x100037a0        0x4 CMakeFiles/firmware.dir/C_/Users/eddle/.pico-sdk/sdk/2.1.1/src/common/pico_time/time.c.obj
                0x100037a0                __pre_init_runtime_init_default_alarm_pool
 .preinit_array.YYYYY
                0x100037a4        0x4 CMakeFiles/firmware.dir/C_/Users/eddle/.pico-sdk/sdk/2.1.1/src/rp2_common/pico_runtime/runtime.c.obj
                0x100037a4                __pre_init_first_per_core_initializer
 .preinit_array.ZZZZZ.01200
                0x100037a8        0x4 CMakeFiles/firmware.dir/C_/Users/eddle/.pico-sdk/sdk/2.1.1/src/rp2_common/hardware_irq/irq.c.obj
                0x100037a8                __pre_init_runtime_init_per_core_irq_priorities
 *(.preinit_array)
                0x100037ac                        PROVIDE (__preinit_array_end = .)
                0x100037ac                        . = ALIGN (0x4)
                0x100037ac                        PROVIDE (__init_array_start = .)
 *(SORT_BY_NAME(.init_array.*))
 *(.init_array)
 .init_array    0x100037ac        0x4 C:/Users/eddle/.pico-sdk/toolchain/14_2_Rel1/bin/../lib/gcc/arm-none-eabi/14.2.1/thumb/v6-m/nofp/crtbegin.o
 .init_array    0x100037b0        0x4 freertos/libfreertos.a(port.c.obj)
                0x100037b4                        PROVIDE (__init_array_end = .)
                0x100037b4                        . = ALIGN (0x4)
                [!provide]                        PROVIDE (__fini_array_start = .)
 *(SORT_BY_NAME(.fini_array.*))
 *(.fini_array)
                [!provide]                        PROVIDE (__fini_array_end = .)
 *(.eh_frame*)
 .eh_frame      0x100037b4        0x0 C:/Users/eddle/.pico-sdk/toolchain/14_2_Rel1/bin/../lib/gcc/arm-none-eabi/14.2.1/thumb/v6-m/nofp/crtbegin.o
                0x100037b4                        . = ALIGN (0x4)

.glue_7         0x100037b4        0x0
 .glue_7        0x100037b4        0x0 linker stubs

.glue_7t        0x100037b4        0x0
 .glue_7t       0x100037b4        0x0 linker stubs

.vfp11_veneer   0x100037b4        0x0
 .vfp11_veneer  0x100037b4        0x0 linker stubs

.v4_bx          0x100037b4        0x0
 .v4_bx         0x100037b4        0x0 linker stubs

.iplt           0x100037b4        0x0
 .iplt          0x100037b4        0x0 C:/Users/eddle/.pico-sdk/toolchain/14_2_Rel1/bin/../lib/gcc/arm-none-eabi/14.2.1/thumb/v6-m/nofp/crtbegin.o

.rodata         0x100037b4      0x158
 *(EXCLUDE_FILE(*libm.a: *libc.a:*lib_a-mem*.o *libgcc.a:) .rodata*)
 .rodata.main.str1.4
                0x100037b4       0xc8 CMakeFiles/firmware.dir/firmware.c.obj
                                  0xf (size before relaxing)
 .rodata.panic.str1.4
                0x1000387c       0x12 CMakeFiles/firmware.dir/C_/Users/eddle/.pico-sdk/sdk/2.1.1/src/rp2_common/pico_platform_panic/panic.c.obj
 .rodata.panic_unsupported.str1.4
                0x1000387c        0xe CMakeFiles/firmware.dir/C_/Users/eddle/.pico-sdk/sdk/2.1.1/src/rp2_common/pico_platform_panic/panic.c.obj
 .rodata.timer_hardware_alarm_claim.str1.4
                0x1000387c       0x22 CMakeFiles/firmware.dir/C_/Users/eddle/.pico-sdk/sdk/2.1.1/src/rp2_common/hardware_timer/timer.c.obj
 .rodata.hard_assertion_failure.str1.4
                0x1000387c        0xc CMakeFiles/firmware.dir/C_/Users/eddle/.pico-sdk/sdk/2.1.1/src/rp2_common/pico_runtime/runtime.c.obj
 .rodata.__wrap_malloc.str1.4
                0x1000387c        0xe CMakeFiles/firmware.dir/C_/Users/eddle/.pico-sdk/sdk/2.1.1/src/rp2_common/pico_malloc/malloc.c.obj
 .rodata.str1.4
                0x1000387c       0x44 CMakeFiles/firmware.dir/C_/Users/eddle/.pico-sdk/sdk/2.1.1/src/rp2_common/pico_standard_binary_info/standard_binary_info.c.obj
 .rodata.__bi_84
                0x1000387c        0xc CMakeFiles/firmware.dir/C_/Users/eddle/.pico-sdk/sdk/2.1.1/src/rp2_common/pico_standard_binary_info/standard_binary_info.c.obj
 .rodata.__bi_78
                0x10003888        0xc CMakeFiles/firmware.dir/C_/Users/eddle/.pico-sdk/sdk/2.1.1/src/rp2_common/pico_standard_binary_info/standard_binary_info.c.obj
 .rodata.__bi_60
                0x10003894        0xc CMakeFiles/firmware.dir/C_/Users/eddle/.pico-sdk/sdk/2.1.1/src/rp2_common/pico_standard_binary_info/standard_binary_info.c.obj
 .rodata.__bi_54
                0x100038a0        0xc CMakeFiles/firmware.dir/C_/Users/eddle/.pico-sdk/sdk/2.1.1/src/rp2_common/pico_standard_binary_info/standard_binary_info.c.obj
 .rodata.__bi_48
                0x100038ac        0xc CMakeFiles/firmware.dir/C_/Users/eddle/.pico-sdk/sdk/2.1.1/src/rp2_common/pico_standard_binary_info/standard_binary_info.c.obj
 .rodata.__bi_42
                0x100038b8        0xc CMakeFiles/firmware.dir/C_/Users/eddle/.pico-sdk/sdk/2.1.1/src/rp2_common/pico_standard_binary_info/standard_binary_info.c.obj
 .rodata.__bi_34
                0x100038c4        0xc CMakeFiles/firmware.dir/C_/Users/eddle/.pico-sdk/sdk/2.1.1/src/rp2_common/pico_standard_binary_info/standard_binary_info.c.obj
 .rodata.__bi_26
                0x100038d0        0xc CMakeFiles/firmware.dir/C_/Users/eddle/.pico-sdk/sdk/2.1.1/src/rp2_common/pico_standard_binary_info/standard_binary_info.c.obj
 .rodata.crlf_str.0
                0x100038dc        0x2 CMakeFiles/firmware.dir/C_/Users/eddle/.pico-sdk/sdk/2.1.1/src/rp2_common/pico_stdio/stdio.c.obj
 *fill*         0x100038de        0x2 
 .rodata.uxTopUsedPriority
                0x100038e0        0x4 freertos/libfreertos.a(tasks.c.obj)
 .rodata.prvTimerTask
                0x100038e4       0x28 freertos/libfreertos.a(timers.c.obj)
 .rodata.xTimerCreateTimerTask.str1.4
                0x1000390c       0x10 freertos/libfreertos.a(timers.c.obj)
                0x1000391c                        . = ALIGN (0x4)
 *(SORT_BY_ALIGNMENT(SORT_BY_NAME(.flashdata*)))
                0x1000391c                        . = ALIGN (0x4)

.ARM.extab
 *(.ARM.extab* .gnu.linkonce.armextab.*)
                0x1000390c                        __exidx_start = .

.ARM.exidx
 *(.ARM.exidx* .gnu.linkonce.armexidx.*)
                0x1000390c                        __exidx_end = .
                0x1000391c                        . = ALIGN (0x4)
                0x1000390c                        __binary_info_start = .

.binary_info    0x1000390c       0x20
 *(.binary_info.keep.*)
 .binary_info.keep.__bi_ptr84
                0x1000390c        0x4 CMakeFiles/firmware.dir/C_/Users/eddle/.pico-sdk/sdk/2.1.1/src/rp2_common/pico_standard_binary_info/standard_binary_info.c.obj
 .binary_info.keep.__bi_ptr78
                0x10003910        0x4 CMakeFiles/firmware.dir/C_/Users/eddle/.pico-sdk/sdk/2.1.1/src/rp2_common/pico_standard_binary_info/standard_binary_info.c.obj
 .binary_info.keep.__bi_ptr60
                0x10003914        0x4 CMakeFiles/firmware.dir/C_/Users/eddle/.pico-sdk/sdk/2.1.1/src/rp2_common/pico_standard_binary_info/standard_binary_info.c.obj
 .binary_info.keep.__bi_ptr54
                0x10003918        0x4 CMakeFiles/firmware.dir/C_/Users/eddle/.pico-sdk/sdk/2.1.1/src/rp2_common/pico_standard_binary_info/standard_binary_info.c.obj
 .binary_info.keep.__bi_ptr48
                0x1000391c        0x4 CMakeFiles/firmware.dir/C_/Users/eddle/.pico-sdk/sdk/2.1.1/src/rp2_common/pico_standard_binary_info/standard_binary_info.c.obj
 .binary_info.keep.__bi_ptr42
                0x10003920        0x4 CMakeFiles/firmware.dir/C_/Users/eddle/.pico-sdk/sdk/2.1.1/src/rp2_common/pico_standard_binary_info/standard_binary_info.c.obj
 .binary_info.keep.__bi_ptr34
                0x10003924        0x4 CMakeFiles/firmware.dir/C_/Users/eddle/.pico-sdk/sdk/2.1.1/src/rp2_common/pico_standard_binary_info/standard_binary_info.c.obj
 .binary_info.keep.__bi_ptr26
                0x10003928        0x4 CMakeFiles/firmware.dir/C_/Users/eddle/.pico-sdk/sdk/2.1.1/src/rp2_common/pico_standard_binary_info/standard_binary_info.c.obj
 *(.binary_info.*)
                0x1000392c                        __binary_info_end = .

.rel.dyn        0x1000392c        0x0
 .rel.iplt      0x1000392c        0x0 C:/Users/eddle/.pico-sdk/toolchain/14_2_Rel1/bin/../lib/gcc/arm-none-eabi/14.2.1/thumb/v6-m/nofp/crtbegin.o
                0x1000392c                        . = ALIGN (0x4)

.ram_vector_table
                0x20000000       0xc0
 *(.ram_vector_table)
 .ram_vector_table
                0x20000000       0xc0 CMakeFiles/firmware.dir/C_/Users/eddle/.pico-sdk/sdk/2.1.1/src/rp2_common/pico_runtime_init/runtime_init.c.obj
                0x20000000                ram_vector_table

.uninitialized_data
                0x200000c0        0x0
                0x200000c0                        . = ALIGN (0x4)
 *(.uninitialized_data*)

.data           0x200000c0      0x688 load address 0x1000392c
                0x200000c0                        __data_start__ = .
 *(vtable)
 *(.time_critical*)
 .time_critical.mutex_try_enter_block_until
                0x200000c0       0x98 CMakeFiles/firmware.dir/C_/Users/eddle/.pico-sdk/sdk/2.1.1/src/common/pico_sync/mutex.c.obj
                0x200000c0                mutex_try_enter_block_until
 .time_critical.mutex_exit
                0x20000158       0x28 CMakeFiles/firmware.dir/C_/Users/eddle/.pico-sdk/sdk/2.1.1/src/common/pico_sync/mutex.c.obj
                0x20000158                mutex_exit
 *(.text*)
 .text          0x20000180        0x4 C:/Users/eddle/.pico-sdk/toolchain/14_2_Rel1/bin/../lib/gcc/arm-none-eabi/14.2.1/thumb/v6-m/nofp\libgcc.a(_dvmd_tls.o)
                0x20000180                __aeabi_idiv0
                0x20000180                __aeabi_ldiv0
 *fill*         0x20000184        0x4 
 .text.__stub   0x20000188       0x10 linker stubs
                0x20000198                        . = ALIGN (0x4)
 *(.rodata*)
                0x20000198                        . = ALIGN (0x4)
 *(.data*)
 .data.striped_spin_lock_num
                0x20000198        0x1 CMakeFiles/firmware.dir/C_/Users/eddle/.pico-sdk/sdk/2.1.1/src/rp2_common/hardware_sync/sync.c.obj
 *fill*         0x20000199        0x3 
 .data.default_alarm_pool
                0x2000019c       0x18 CMakeFiles/firmware.dir/C_/Users/eddle/.pico-sdk/sdk/2.1.1/src/common/pico_time/time.c.obj
 *fill*         0x200001b4        0xc 
 .data.aeabi_bits_funcs
                0x200001c0       0x10 CMakeFiles/firmware.dir/C_/Users/eddle/.pico-sdk/sdk/2.1.1/src/rp2_common/pico_bit_ops/bit_ops_aeabi.S.obj
                0x200001c0                aeabi_bits_funcs
                0x200001d0                aeabi_bits_funcs_end
 .data.aeabi_mem_funcs
                0x200001d0       0x10 CMakeFiles/firmware.dir/C_/Users/eddle/.pico-sdk/sdk/2.1.1/src/rp2_common/pico_mem_ops/mem_ops_aeabi.S.obj
                0x200001d0                aeabi_mem_funcs
                0x200001e0                aeabi_mem_funcs_end
 .data.ucPrimaryCoreNum
                0x200001e0        0x1 freertos/libfreertos.a(port.c.obj)
 *fill*         0x200001e1        0x3 
 .data.__malloc_sbrk_base
                0x200001e4        0x4 C:/Users/eddle/.pico-sdk/toolchain/14_2_Rel1/bin/../lib/gcc/arm-none-eabi/14.2.1/thumb/v6-m/nofp\libg.a(libc_a-mallocr.o)
                0x200001e4                __malloc_sbrk_base
 .data.__malloc_trim_threshold
                0x200001e8        0x4 C:/Users/eddle/.pico-sdk/toolchain/14_2_Rel1/bin/../lib/gcc/arm-none-eabi/14.2.1/thumb/v6-m/nofp\libg.a(libc_a-mallocr.o)
                0x200001e8                __malloc_trim_threshold
 *fill*         0x200001ec        0x4 
 .data.__malloc_av_
                0x200001f0      0x408 C:/Users/eddle/.pico-sdk/toolchain/14_2_Rel1/bin/../lib/gcc/arm-none-eabi/14.2.1/thumb/v6-m/nofp\libg.a(libc_a-mallocr.o)
                0x200001f0                __malloc_av_
 .data._impure_ptr
                0x200005f8        0x4 C:/Users/eddle/.pico-sdk/toolchain/14_2_Rel1/bin/../lib/gcc/arm-none-eabi/14.2.1/thumb/v6-m/nofp\libg.a(libc_a-impure.o)
                0x200005f8                _impure_ptr
 *fill*         0x200005fc        0x4 
 .data._impure_data
                0x20000600      0x140 C:/Users/eddle/.pico-sdk/toolchain/14_2_Rel1/bin/../lib/gcc/arm-none-eabi/14.2.1/thumb/v6-m/nofp\libg.a(libc_a-impure.o)
                0x20000600                _impure_data
                0x20000740                        . = ALIGN (0x4)
 *(.after_data.*)
                0x20000740                        . = ALIGN (0x4)
                0x20000740                        PROVIDE (__mutex_array_start = .)
 *(SORT_BY_NAME(.mutex_array.*))
 *(.mutex_array)
 .mutex_array   0x20000740        0x8 CMakeFiles/firmware.dir/C_/Users/eddle/.pico-sdk/sdk/2.1.1/src/rp2_common/pico_stdio/stdio.c.obj
                0x20000748                        PROVIDE (__mutex_array_end = .)
                0x20000748                        . = ALIGN (0x4)
 *(.jcr)
                0x20000748                        . = ALIGN (0x4)

.tm_clone_table
                0x20000748        0x0 load address 0x10003fb4
 .tm_clone_table
                0x20000748        0x0 C:/Users/eddle/.pico-sdk/toolchain/14_2_Rel1/bin/../lib/gcc/arm-none-eabi/14.2.1/thumb/v6-m/nofp/crtbegin.o
 .tm_clone_table
                0x20000748        0x0 C:/Users/eddle/.pico-sdk/toolchain/14_2_Rel1/bin/../lib/gcc/arm-none-eabi/14.2.1/thumb/v6-m/nofp/crtend.o

.igot.plt       0x20000748        0x0 load address 0x10003fb4
 .igot.plt      0x20000748        0x0 C:/Users/eddle/.pico-sdk/toolchain/14_2_Rel1/bin/../lib/gcc/arm-none-eabi/14.2.1/thumb/v6-m/nofp/crtbegin.o

.tdata          0x20000748        0x0 load address 0x10003fb4
                0x20000748                        . = ALIGN (0x4)
 *(.tdata .tdata.* .gnu.linkonce.td.*)
                0x20000748                        __tdata_end = .
                0x20000748                        PROVIDE (__data_end__ = .)
                0x1000392c                        __etext = LOADADDR (.data)

.tbss           0x20000748        0x0 load address 0x10003fb4
                0x20000748                        . = ALIGN (0x4)
                0x20000748                        __bss_start__ = .
                0x20000748                        __tls_base = .
 *(.tbss .tbss.* .gnu.linkonce.tb.*)
 *(.tcommon)
                0x20000748                        __tls_end = .

.bss            0x20000748      0x710 load address 0x10003fb4
                0x20000748                        . = ALIGN (0x4)
                0x20000748                        __tbss_end = .
 *(SORT_BY_ALIGNMENT(SORT_BY_NAME(.bss*)))
 .bss.default_alarm_pool_entries
                0x20000748      0x180 CMakeFiles/firmware.dir/C_/Users/eddle/.pico-sdk/sdk/2.1.1/src/common/pico_time/time.c.obj
 .bss.sd_table  0x200008c8      0x100 CMakeFiles/firmware.dir/C_/Users/eddle/.pico-sdk/sdk/2.1.1/src/rp2_common/pico_double/double_init_rom_rp2040.c.obj
                0x200008c8                sd_table
 .bss.sf_table  0x200009c8      0x100 CMakeFiles/firmware.dir/C_/Users/eddle/.pico-sdk/sdk/2.1.1/src/rp2_common/pico_float/float_init_rom_rp2040.c.obj
                0x200009c8                sf_table
 .bss.xQueueRegistry
                0x20000ac8       0x50 freertos/libfreertos.a(queue.c.obj)
                0x20000ac8                xQueueRegistry
 .bss.__lock___malloc_recursive_mutex
                0x20000b18        0x1 C:/Users/eddle/.pico-sdk/toolchain/14_2_Rel1/bin/../lib/gcc/arm-none-eabi/14.2.1/thumb/v6-m/nofp\libg.a(libc_a-lock.o)
                0x20000b18                __lock___malloc_recursive_mutex
 *fill*         0x20000b19        0x3 
 .bss.__malloc_current_mallinfo
                0x20000b1c       0x28 C:/Users/eddle/.pico-sdk/toolchain/14_2_Rel1/bin/../lib/gcc/arm-none-eabi/14.2.1/thumb/v6-m/nofp\libg.a(libc_a-mallocr.o)
                0x20000b1c                __malloc_current_mallinfo
 .bss.__malloc_max_sbrked_mem
                0x20000b44        0x4 C:/Users/eddle/.pico-sdk/toolchain/14_2_Rel1/bin/../lib/gcc/arm-none-eabi/14.2.1/thumb/v6-m/nofp\libg.a(libc_a-mallocr.o)
                0x20000b44                __malloc_max_sbrked_mem
 .bss.__malloc_max_total_mem
                0x20000b48        0x4 C:/Users/eddle/.pico-sdk/toolchain/14_2_Rel1/bin/../lib/gcc/arm-none-eabi/14.2.1/thumb/v6-m/nofp\libg.a(libc_a-mallocr.o)
                0x20000b48                __malloc_max_total_mem
 .bss.__malloc_top_pad
                0x20000b4c        0x4 C:/Users/eddle/.pico-sdk/toolchain/14_2_Rel1/bin/../lib/gcc/arm-none-eabi/14.2.1/thumb/v6-m/nofp\libg.a(libc_a-mallocr.o)
                0x20000b4c                __malloc_top_pad
 .bss.__sf      0x20000b50      0x138 C:/Users/eddle/.pico-sdk/toolchain/14_2_Rel1/bin/../lib/gcc/arm-none-eabi/14.2.1/thumb/v6-m/nofp\libg.a(libc_a-findfp.o)
                0x20000b50                __sf
 .bss.claimed   0x20000c88        0x1 CMakeFiles/firmware.dir/C_/Users/eddle/.pico-sdk/sdk/2.1.1/src/rp2_common/hardware_timer/timer.c.obj
 *fill*         0x20000c89        0x3 
 .bss.configured_freq
                0x20000c8c       0x28 CMakeFiles/firmware.dir/C_/Users/eddle/.pico-sdk/sdk/2.1.1/src/rp2_common/hardware_clocks/clocks.c.obj
 .bss.drivers   0x20000cb4        0x4 CMakeFiles/firmware.dir/C_/Users/eddle/.pico-sdk/sdk/2.1.1/src/rp2_common/pico_stdio/stdio.c.obj
 .bss.errno     0x20000cb8        0x4 C:/Users/eddle/.pico-sdk/toolchain/14_2_Rel1/bin/../lib/gcc/arm-none-eabi/14.2.1/thumb/v6-m/nofp\libg.a(libc_a-reent.o)
                0x20000cb8                errno
 .bss.filter    0x20000cbc        0x4 CMakeFiles/firmware.dir/C_/Users/eddle/.pico-sdk/sdk/2.1.1/src/rp2_common/pico_stdio/stdio.c.obj
 .bss.heap_end.0
                0x20000cc0        0x4 CMakeFiles/firmware.dir/C_/Users/eddle/.pico-sdk/sdk/2.1.1/src/rp2_common/pico_clib_interface/newlib_interface.c.obj
 .bss.lazy_vsnprintf
                0x20000cc4        0x4 CMakeFiles/firmware.dir/C_/Users/eddle/.pico-sdk/sdk/2.1.1/src/rp2_common/pico_printf/printf.c.obj
 .bss.object.0  0x20000cc8       0x18 C:/Users/eddle/.pico-sdk/toolchain/14_2_Rel1/bin/../lib/gcc/arm-none-eabi/14.2.1/thumb/v6-m/nofp/crtbegin.o
 .bss.pools     0x20000ce0       0x10 CMakeFiles/firmware.dir/C_/Users/eddle/.pico-sdk/sdk/2.1.1/src/common/pico_time/time.c.obj
 .bss.pxCrossCoreSpinLock
                0x20000cf0        0x4 freertos/libfreertos.a(port.c.obj)
 .bss.pxCurrentTCB
                0x20000cf4        0x4 freertos/libfreertos.a(tasks.c.obj)
                0x20000cf4                pxCurrentTCB
 .bss.pxCurrentTimerList
                0x20000cf8        0x4 freertos/libfreertos.a(timers.c.obj)
 .bss.pxDelayedTaskList
                0x20000cfc        0x4 freertos/libfreertos.a(tasks.c.obj)
 .bss.pxOverflowDelayedTaskList
                0x20000d00        0x4 freertos/libfreertos.a(tasks.c.obj)
 .bss.pxOverflowTimerList
                0x20000d04        0x4 freertos/libfreertos.a(timers.c.obj)
 .bss.pxReadyTasksLists
                0x20000d08       0x78 freertos/libfreertos.a(tasks.c.obj)
 .bss.sf_clz_func
                0x20000d80        0x4 CMakeFiles/firmware.dir/C_/Users/eddle/.pico-sdk/sdk/2.1.1/src/rp2_common/pico_double/double_init_rom_rp2040.c.obj
                0x20000d80                sf_clz_func
 .bss.sleep_notifier
                0x20000d84        0x4 CMakeFiles/firmware.dir/C_/Users/eddle/.pico-sdk/sdk/2.1.1/src/common/pico_time/time.c.obj
 .bss.uxCriticalNesting
                0x20000d88        0x4 freertos/libfreertos.a(port.c.obj)
 .bss.uxCurrentNumberOfTasks
                0x20000d8c        0x4 freertos/libfreertos.a(tasks.c.obj)
 .bss.uxDeletedTasksWaitingCleanUp
                0x20000d90        0x4 freertos/libfreertos.a(tasks.c.obj)
 .bss.uxSchedulerSuspended
                0x20000d94        0x4 freertos/libfreertos.a(tasks.c.obj)
 .bss.uxTaskNumber
                0x20000d98        0x4 freertos/libfreertos.a(tasks.c.obj)
 .bss.uxTopReadyPriority
                0x20000d9c        0x4 freertos/libfreertos.a(tasks.c.obj)
 .bss.xActiveTimerList1
                0x20000da0       0x14 freertos/libfreertos.a(timers.c.obj)
 .bss.xActiveTimerList2
                0x20000db4       0x14 freertos/libfreertos.a(timers.c.obj)
 .bss.xDelayedTaskList1
                0x20000dc8       0x14 freertos/libfreertos.a(tasks.c.obj)
 .bss.xDelayedTaskList2
                0x20000ddc       0x14 freertos/libfreertos.a(tasks.c.obj)
 .bss.xEventGroup
                0x20000df0        0x4 freertos/libfreertos.a(port.c.obj)
 .bss.xIdleTaskHandles
                0x20000df4        0x4 freertos/libfreertos.a(tasks.c.obj)
 .bss.xLastTime.0
                0x20000df8        0x4 freertos/libfreertos.a(timers.c.obj)
 .bss.xNextTaskUnblockTime
                0x20000dfc        0x4 freertos/libfreertos.a(tasks.c.obj)
 .bss.xNumOfOverflows
                0x20000e00        0x4 freertos/libfreertos.a(tasks.c.obj)
 .bss.xPendedTicks
                0x20000e04        0x4 freertos/libfreertos.a(tasks.c.obj)
 .bss.xPendingReadyList
                0x20000e08       0x14 freertos/libfreertos.a(tasks.c.obj)
 .bss.xSchedulerRunning
                0x20000e1c        0x4 freertos/libfreertos.a(tasks.c.obj)
 .bss.xSuspendedTaskList
                0x20000e20       0x14 freertos/libfreertos.a(tasks.c.obj)
 .bss.xTasksWaitingTermination
                0x20000e34       0x14 freertos/libfreertos.a(tasks.c.obj)
 .bss.xTickCount
                0x20000e48        0x4 freertos/libfreertos.a(tasks.c.obj)
 .bss.xTimerQueue
                0x20000e4c        0x4 freertos/libfreertos.a(timers.c.obj)
 .bss.xTimerTaskHandle
                0x20000e50        0x4 freertos/libfreertos.a(timers.c.obj)
 .bss.xYieldPendings
                0x20000e54        0x4 freertos/libfreertos.a(tasks.c.obj)
 *(COMMON)
                0x20000e58                        . = ALIGN (0x4)
                0x20000e58                        __bss_end__ = .

.heap           0x20000e58      0x800 load address 0x10003fb4
                0x20000e58                        __end__ = .
                0x20000e58                        end = __end__
 *(.heap*)
 .heap          0x20000e58      0x800 CMakeFiles/firmware.dir/C_/Users/eddle/.pico-sdk/sdk/2.1.1/src/rp2_common/pico_crt0/crt0.S.obj
                0x20040000                        __HeapLimit = (ORIGIN (RAM) + LENGTH (RAM))

.scratch_x      0x20040000        0x0 load address 0x10003fb4
                0x20040000                        __scratch_x_start__ = .
 *(.scratch_x.*)
                0x20040000                        . = ALIGN (0x4)
                0x20040000                        __scratch_x_end__ = .
                0x10003fb4                        __scratch_x_source__ = LOADADDR (.scratch_x)

.scratch_y      0x20041000        0x0 load address 0x10003fb4
                0x20041000                        __scratch_y_start__ = .
 *(.scratch_y.*)
                0x20041000                        . = ALIGN (0x4)
                0x20041000                        __scratch_y_end__ = .
                0x10003fb4                        __scratch_y_source__ = LOADADDR (.scratch_y)

.stack1_dummy
 *(.stack1*)

.stack_dummy    0x20041000      0x800
 *(.stack*)
 .stack         0x20041000      0x800 CMakeFiles/firmware.dir/C_/Users/eddle/.pico-sdk/sdk/2.1.1/src/rp2_common/pico_crt0/crt0.S.obj

.flash_end      0x10003fb4        0x0
 *(.embedded_end_block*)
                0x10003fb4                        PROVIDE (__flash_binary_end = .)
                0x20040000                        __StackLimit = (ORIGIN (RAM) + LENGTH (RAM))
                0x20041000                        __StackOneTop = (ORIGIN (SCRATCH_X) + LENGTH (SCRATCH_X))
                0x20042000                        __StackTop = (ORIGIN (SCRATCH_Y) + LENGTH (SCRATCH_Y))
                0x20041000                        __StackOneBottom = (__StackOneTop - SIZEOF (.stack1_dummy))
                0x20041800                        __StackBottom = (__StackTop - SIZEOF (.stack_dummy))
                0x20042000                        PROVIDE (__stack = __StackTop)
                [!provide]                        PROVIDE (__heap_start = __end__)
                [!provide]                        PROVIDE (__heap_end = __HeapLimit)
                [!provide]                        PROVIDE (__tls_align = MAX (ALIGNOF (.tdata), ALIGNOF (.tbss)))
                [!provide]                        PROVIDE (__tls_size_align = (((__tls_size + __tls_align) - 0x1) & ~ ((__tls_align - 0x1))))
                [!provide]                        PROVIDE (__arm32_tls_tcb_offset = MAX (0x8, __tls_align))
                [!provide]                        PROVIDE (_end = __end__)
                [!provide]                        PROVIDE (__llvm_libc_heap_limit = __HeapLimit)
                0x00000001                        ASSERT ((__StackLimit >= __HeapLimit), region RAM overflowed)
                0x00000001                        ASSERT (((__binary_info_header_end - __logical_binary_start) <= 0x100), Binary info must be in first 256 bytes of the binary)
LOAD CMakeFiles/firmware.dir/firmware.c.obj
LOAD CMakeFiles/firmware.dir/C_/Users/eddle/.pico-sdk/sdk/2.1.1/src/rp2_common/pico_stdlib/stdlib.c.obj
LOAD CMakeFiles/firmware.dir/C_/Users/eddle/.pico-sdk/sdk/2.1.1/src/rp2_common/hardware_gpio/gpio.c.obj
LOAD CMakeFiles/firmware.dir/C_/Users/eddle/.pico-sdk/sdk/2.1.1/src/rp2040/pico_platform/platform.c.obj
LOAD CMakeFiles/firmware.dir/C_/Users/eddle/.pico-sdk/sdk/2.1.1/src/rp2_common/pico_platform_panic/panic.c.obj
LOAD CMakeFiles/firmware.dir/C_/Users/eddle/.pico-sdk/sdk/2.1.1/src/common/hardware_claim/claim.c.obj
LOAD CMakeFiles/firmware.dir/C_/Users/eddle/.pico-sdk/sdk/2.1.1/src/rp2_common/hardware_sync/sync.c.obj
LOAD CMakeFiles/firmware.dir/C_/Users/eddle/.pico-sdk/sdk/2.1.1/src/rp2_common/hardware_sync_spin_lock/sync_spin_lock.c.obj
LOAD CMakeFiles/firmware.dir/C_/Users/eddle/.pico-sdk/sdk/2.1.1/src/rp2_common/hardware_irq/irq.c.obj
LOAD CMakeFiles/firmware.dir/C_/Users/eddle/.pico-sdk/sdk/2.1.1/src/rp2_common/hardware_irq/irq_handler_chain.S.obj
LOAD CMakeFiles/firmware.dir/C_/Users/eddle/.pico-sdk/sdk/2.1.1/src/common/pico_sync/sem.c.obj
LOAD CMakeFiles/firmware.dir/C_/Users/eddle/.pico-sdk/sdk/2.1.1/src/common/pico_sync/lock_core.c.obj
LOAD CMakeFiles/firmware.dir/C_/Users/eddle/.pico-sdk/sdk/2.1.1/src/common/pico_sync/mutex.c.obj
LOAD CMakeFiles/firmware.dir/C_/Users/eddle/.pico-sdk/sdk/2.1.1/src/common/pico_sync/critical_section.c.obj
LOAD CMakeFiles/firmware.dir/C_/Users/eddle/.pico-sdk/sdk/2.1.1/src/common/pico_time/time.c.obj
LOAD CMakeFiles/firmware.dir/C_/Users/eddle/.pico-sdk/sdk/2.1.1/src/common/pico_time/timeout_helper.c.obj
LOAD CMakeFiles/firmware.dir/C_/Users/eddle/.pico-sdk/sdk/2.1.1/src/rp2_common/hardware_timer/timer.c.obj
LOAD CMakeFiles/firmware.dir/C_/Users/eddle/.pico-sdk/sdk/2.1.1/src/common/pico_util/datetime.c.obj
LOAD CMakeFiles/firmware.dir/C_/Users/eddle/.pico-sdk/sdk/2.1.1/src/common/pico_util/pheap.c.obj
LOAD CMakeFiles/firmware.dir/C_/Users/eddle/.pico-sdk/sdk/2.1.1/src/common/pico_util/queue.c.obj
LOAD CMakeFiles/firmware.dir/C_/Users/eddle/.pico-sdk/sdk/2.1.1/src/rp2_common/hardware_uart/uart.c.obj
LOAD CMakeFiles/firmware.dir/C_/Users/eddle/.pico-sdk/sdk/2.1.1/src/rp2_common/hardware_clocks/clocks.c.obj
LOAD CMakeFiles/firmware.dir/C_/Users/eddle/.pico-sdk/sdk/2.1.1/src/rp2_common/hardware_pll/pll.c.obj
LOAD CMakeFiles/firmware.dir/C_/Users/eddle/.pico-sdk/sdk/2.1.1/src/rp2_common/hardware_vreg/vreg.c.obj
LOAD CMakeFiles/firmware.dir/C_/Users/eddle/.pico-sdk/sdk/2.1.1/src/rp2_common/hardware_watchdog/watchdog.c.obj
LOAD CMakeFiles/firmware.dir/C_/Users/eddle/.pico-sdk/sdk/2.1.1/src/rp2_common/hardware_ticks/ticks.c.obj
LOAD CMakeFiles/firmware.dir/C_/Users/eddle/.pico-sdk/sdk/2.1.1/src/rp2_common/pico_bootrom/bootrom.c.obj
LOAD CMakeFiles/firmware.dir/C_/Users/eddle/.pico-sdk/sdk/2.1.1/src/rp2_common/pico_bootrom/bootrom_lock.c.obj
LOAD CMakeFiles/firmware.dir/C_/Users/eddle/.pico-sdk/sdk/2.1.1/src/rp2_common/hardware_boot_lock/boot_lock.c.obj
LOAD CMakeFiles/firmware.dir/C_/Users/eddle/.pico-sdk/sdk/2.1.1/src/rp2_common/pico_flash/flash.c.obj
LOAD CMakeFiles/firmware.dir/C_/Users/eddle/.pico-sdk/sdk/2.1.1/src/rp2_common/hardware_xosc/xosc.c.obj
LOAD CMakeFiles/firmware.dir/C_/Users/eddle/.pico-sdk/sdk/2.1.1/src/rp2_common/hardware_divider/divider.S.obj
LOAD CMakeFiles/firmware.dir/C_/Users/eddle/.pico-sdk/sdk/2.1.1/src/rp2_common/pico_runtime/runtime.c.obj
LOAD CMakeFiles/firmware.dir/C_/Users/eddle/.pico-sdk/sdk/2.1.1/src/rp2_common/pico_runtime_init/runtime_init.c.obj
LOAD CMakeFiles/firmware.dir/C_/Users/eddle/.pico-sdk/sdk/2.1.1/src/rp2_common/pico_runtime_init/runtime_init_clocks.c.obj
LOAD CMakeFiles/firmware.dir/C_/Users/eddle/.pico-sdk/sdk/2.1.1/src/rp2_common/pico_runtime_init/runtime_init_stack_guard.c.obj
LOAD CMakeFiles/firmware.dir/C_/Users/eddle/.pico-sdk/sdk/2.1.1/src/rp2_common/pico_bit_ops/bit_ops_aeabi.S.obj
LOAD CMakeFiles/firmware.dir/C_/Users/eddle/.pico-sdk/sdk/2.1.1/src/rp2_common/pico_divider/divider_hardware.S.obj
LOAD CMakeFiles/firmware.dir/C_/Users/eddle/.pico-sdk/sdk/2.1.1/src/rp2_common/pico_double/double_aeabi_rp2040.S.obj
LOAD CMakeFiles/firmware.dir/C_/Users/eddle/.pico-sdk/sdk/2.1.1/src/rp2_common/pico_double/double_init_rom_rp2040.c.obj
LOAD CMakeFiles/firmware.dir/C_/Users/eddle/.pico-sdk/sdk/2.1.1/src/rp2_common/pico_double/double_math.c.obj
LOAD CMakeFiles/firmware.dir/C_/Users/eddle/.pico-sdk/sdk/2.1.1/src/rp2_common/pico_double/double_v1_rom_shim_rp2040.S.obj
LOAD CMakeFiles/firmware.dir/C_/Users/eddle/.pico-sdk/sdk/2.1.1/src/rp2_common/pico_int64_ops/pico_int64_ops_aeabi.S.obj
LOAD CMakeFiles/firmware.dir/C_/Users/eddle/.pico-sdk/sdk/2.1.1/src/rp2_common/pico_float/float_aeabi_rp2040.S.obj
LOAD CMakeFiles/firmware.dir/C_/Users/eddle/.pico-sdk/sdk/2.1.1/src/rp2_common/pico_float/float_init_rom_rp2040.c.obj
LOAD CMakeFiles/firmware.dir/C_/Users/eddle/.pico-sdk/sdk/2.1.1/src/rp2_common/pico_float/float_math.c.obj
LOAD CMakeFiles/firmware.dir/C_/Users/eddle/.pico-sdk/sdk/2.1.1/src/rp2_common/pico_float/float_v1_rom_shim_rp2040.S.obj
LOAD CMakeFiles/firmware.dir/C_/Users/eddle/.pico-sdk/sdk/2.1.1/src/rp2_common/pico_malloc/malloc.c.obj
LOAD CMakeFiles/firmware.dir/C_/Users/eddle/.pico-sdk/sdk/2.1.1/src/rp2_common/pico_mem_ops/mem_ops_aeabi.S.obj
LOAD CMakeFiles/firmware.dir/C_/Users/eddle/.pico-sdk/sdk/2.1.1/src/rp2_common/pico_atomic/atomic.c.obj
LOAD CMakeFiles/firmware.dir/C_/Users/eddle/.pico-sdk/sdk/2.1.1/src/rp2_common/pico_cxx_options/new_delete.cpp.obj
LOAD CMakeFiles/firmware.dir/C_/Users/eddle/.pico-sdk/sdk/2.1.1/src/rp2_common/pico_standard_binary_info/standard_binary_info.c.obj
LOAD CMakeFiles/firmware.dir/C_/Users/eddle/.pico-sdk/sdk/2.1.1/src/rp2_common/pico_printf/printf.c.obj
LOAD CMakeFiles/firmware.dir/C_/Users/eddle/.pico-sdk/sdk/2.1.1/src/rp2_common/pico_crt0/crt0.S.obj
LOAD CMakeFiles/firmware.dir/C_/Users/eddle/.pico-sdk/sdk/2.1.1/src/rp2_common/pico_clib_interface/newlib_interface.c.obj
LOAD CMakeFiles/firmware.dir/C_/Users/eddle/.pico-sdk/sdk/2.1.1/src/rp2_common/pico_stdio/stdio.c.obj
LOAD CMakeFiles/firmware.dir/C_/Users/eddle/.pico-sdk/sdk/2.1.1/src/rp2_common/hardware_exception/exception.c.obj
LOAD pico-sdk/src/rp2040/boot_stage2/CMakeFiles/bs2_default_library.dir/./bs2_default_padded_checksummed.S.obj
LOAD freertos/libfreertos.a
LOAD C:/Users/eddle/.pico-sdk/toolchain/14_2_Rel1/bin/../lib/gcc/arm-none-eabi/14.2.1/thumb/v6-m/nofp\libstdc++.a
LOAD C:/Users/eddle/.pico-sdk/toolchain/14_2_Rel1/bin/../lib/gcc/arm-none-eabi/14.2.1/thumb/v6-m/nofp\libm.a
START GROUP
LOAD C:/Users/eddle/.pico-sdk/toolchain/14_2_Rel1/bin/../lib/gcc/arm-none-eabi/14.2.1/thumb/v6-m/nofp\libgcc.a
LOAD C:/Users/eddle/.pico-sdk/toolchain/14_2_Rel1/bin/../lib/gcc/arm-none-eabi/14.2.1/thumb/v6-m/nofp\libg.a
LOAD C:/Users/eddle/.pico-sdk/toolchain/14_2_Rel1/bin/../lib/gcc/arm-none-eabi/14.2.1/thumb/v6-m/nofp\libc.a
END GROUP
START GROUP
LOAD C:/Users/eddle/.pico-sdk/toolchain/14_2_Rel1/bin/../lib/gcc/arm-none-eabi/14.2.1/thumb/v6-m/nofp\libgcc.a
LOAD C:/Users/eddle/.pico-sdk/toolchain/14_2_Rel1/bin/../lib/gcc/arm-none-eabi/14.2.1/thumb/v6-m/nofp\libc.a
LOAD C:/Users/eddle/.pico-sdk/toolchain/14_2_Rel1/bin/../lib/gcc/arm-none-eabi/14.2.1/thumb/v6-m/nofp\libnosys.a
END GROUP
LOAD C:/Users/eddle/.pico-sdk/toolchain/14_2_Rel1/bin/../lib/gcc/arm-none-eabi/14.2.1/thumb/v6-m/nofp/crtend.o
LOAD C:/Users/eddle/.pico-sdk/toolchain/14_2_Rel1/bin/../lib/gcc/arm-none-eabi/14.2.1/thumb/v6-m/nofp/crtn.o
OUTPUT(firmware.elf elf32-littlearm)
LOAD linker stubs

.ARM.attributes
                0x00000000       0x28
 .ARM.attributes
                0x00000000       0x1e C:/Users/eddle/.pico-sdk/toolchain/14_2_Rel1/bin/../lib/gcc/arm-none-eabi/14.2.1/thumb/v6-m/nofp/crti.o
 .ARM.attributes
                0x0000001e       0x2c C:/Users/eddle/.pico-sdk/toolchain/14_2_Rel1/bin/../lib/gcc/arm-none-eabi/14.2.1/thumb/v6-m/nofp/crtbegin.o
 .ARM.attributes
                0x0000004a       0x2c CMakeFiles/firmware.dir/firmware.c.obj
 .ARM.attributes
                0x00000076       0x2c CMakeFiles/firmware.dir/C_/Users/eddle/.pico-sdk/sdk/2.1.1/src/rp2_common/hardware_gpio/gpio.c.obj
 .ARM.attributes
                0x000000a2       0x2c CMakeFiles/firmware.dir/C_/Users/eddle/.pico-sdk/sdk/2.1.1/src/rp2_common/pico_platform_panic/panic.c.obj
 .ARM.attributes
                0x000000ce       0x2c CMakeFiles/firmware.dir/C_/Users/eddle/.pico-sdk/sdk/2.1.1/src/common/hardware_claim/claim.c.obj
 .ARM.attributes
                0x000000fa       0x2c CMakeFiles/firmware.dir/C_/Users/eddle/.pico-sdk/sdk/2.1.1/src/rp2_common/hardware_sync/sync.c.obj
 .ARM.attributes
                0x00000126       0x2c CMakeFiles/firmware.dir/C_/Users/eddle/.pico-sdk/sdk/2.1.1/src/rp2_common/hardware_sync_spin_lock/sync_spin_lock.c.obj
 .ARM.attributes
                0x00000152       0x2c CMakeFiles/firmware.dir/C_/Users/eddle/.pico-sdk/sdk/2.1.1/src/rp2_common/hardware_irq/irq.c.obj
 .ARM.attributes
                0x0000017e       0x2c CMakeFiles/firmware.dir/C_/Users/eddle/.pico-sdk/sdk/2.1.1/src/common/pico_sync/lock_core.c.obj
 .ARM.attributes
                0x000001aa       0x2c CMakeFiles/firmware.dir/C_/Users/eddle/.pico-sdk/sdk/2.1.1/src/common/pico_sync/mutex.c.obj
 .ARM.attributes
                0x000001d6       0x2c CMakeFiles/firmware.dir/C_/Users/eddle/.pico-sdk/sdk/2.1.1/src/common/pico_time/time.c.obj
 .ARM.attributes
                0x00000202       0x2c CMakeFiles/firmware.dir/C_/Users/eddle/.pico-sdk/sdk/2.1.1/src/rp2_common/hardware_timer/timer.c.obj
 .ARM.attributes
                0x0000022e       0x2c CMakeFiles/firmware.dir/C_/Users/eddle/.pico-sdk/sdk/2.1.1/src/rp2_common/hardware_clocks/clocks.c.obj
 .ARM.attributes
                0x0000025a       0x2c CMakeFiles/firmware.dir/C_/Users/eddle/.pico-sdk/sdk/2.1.1/src/rp2_common/hardware_pll/pll.c.obj
 .ARM.attributes
                0x00000286       0x2c CMakeFiles/firmware.dir/C_/Users/eddle/.pico-sdk/sdk/2.1.1/src/rp2_common/hardware_ticks/ticks.c.obj
 .ARM.attributes
                0x000002b2       0x2c CMakeFiles/firmware.dir/C_/Users/eddle/.pico-sdk/sdk/2.1.1/src/rp2_common/pico_bootrom/bootrom.c.obj
 .ARM.attributes
                0x000002de       0x2c CMakeFiles/firmware.dir/C_/Users/eddle/.pico-sdk/sdk/2.1.1/src/rp2_common/hardware_xosc/xosc.c.obj
 .ARM.attributes
                0x0000030a       0x2c CMakeFiles/firmware.dir/C_/Users/eddle/.pico-sdk/sdk/2.1.1/src/rp2_common/pico_runtime/runtime.c.obj
 .ARM.attributes
                0x00000336       0x2c CMakeFiles/firmware.dir/C_/Users/eddle/.pico-sdk/sdk/2.1.1/src/rp2_common/pico_runtime_init/runtime_init.c.obj
 .ARM.attributes
                0x00000362       0x2c CMakeFiles/firmware.dir/C_/Users/eddle/.pico-sdk/sdk/2.1.1/src/rp2_common/pico_runtime_init/runtime_init_clocks.c.obj
 .ARM.attributes
                0x0000038e       0x22 CMakeFiles/firmware.dir/C_/Users/eddle/.pico-sdk/sdk/2.1.1/src/rp2_common/pico_bit_ops/bit_ops_aeabi.S.obj
 .ARM.attributes
                0x000003b0       0x22 CMakeFiles/firmware.dir/C_/Users/eddle/.pico-sdk/sdk/2.1.1/src/rp2_common/pico_divider/divider_hardware.S.obj
 .ARM.attributes
                0x000003d2       0x22 CMakeFiles/firmware.dir/C_/Users/eddle/.pico-sdk/sdk/2.1.1/src/rp2_common/pico_double/double_aeabi_rp2040.S.obj
 .ARM.attributes
                0x000003f4       0x2c CMakeFiles/firmware.dir/C_/Users/eddle/.pico-sdk/sdk/2.1.1/src/rp2_common/pico_double/double_init_rom_rp2040.c.obj
 .ARM.attributes
                0x00000420       0x22 CMakeFiles/firmware.dir/C_/Users/eddle/.pico-sdk/sdk/2.1.1/src/rp2_common/pico_double/double_v1_rom_shim_rp2040.S.obj
 .ARM.attributes
                0x00000442       0x22 CMakeFiles/firmware.dir/C_/Users/eddle/.pico-sdk/sdk/2.1.1/src/rp2_common/pico_float/float_aeabi_rp2040.S.obj
 .ARM.attributes
                0x00000464       0x2c CMakeFiles/firmware.dir/C_/Users/eddle/.pico-sdk/sdk/2.1.1/src/rp2_common/pico_float/float_init_rom_rp2040.c.obj
 .ARM.attributes
                0x00000490       0x22 CMakeFiles/firmware.dir/C_/Users/eddle/.pico-sdk/sdk/2.1.1/src/rp2_common/pico_float/float_v1_rom_shim_rp2040.S.obj
 .ARM.attributes
                0x000004b2       0x2c CMakeFiles/firmware.dir/C_/Users/eddle/.pico-sdk/sdk/2.1.1/src/rp2_common/pico_malloc/malloc.c.obj
 .ARM.attributes
                0x000004de       0x22 CMakeFiles/firmware.dir/C_/Users/eddle/.pico-sdk/sdk/2.1.1/src/rp2_common/pico_mem_ops/mem_ops_aeabi.S.obj
 .ARM.attributes
                0x00000500       0x2c CMakeFiles/firmware.dir/C_/Users/eddle/.pico-sdk/sdk/2.1.1/src/rp2_common/pico_standard_binary_info/standard_binary_info.c.obj
 .ARM.attributes
                0x0000052c       0x2c CMakeFiles/firmware.dir/C_/Users/eddle/.pico-sdk/sdk/2.1.1/src/rp2_common/pico_printf/printf.c.obj
 .ARM.attributes
                0x00000558       0x22 CMakeFiles/firmware.dir/C_/Users/eddle/.pico-sdk/sdk/2.1.1/src/rp2_common/pico_crt0/crt0.S.obj
 .ARM.attributes
                0x0000057a       0x2c CMakeFiles/firmware.dir/C_/Users/eddle/.pico-sdk/sdk/2.1.1/src/rp2_common/pico_clib_interface/newlib_interface.c.obj
 .ARM.attributes
                0x000005a6       0x2c CMakeFiles/firmware.dir/C_/Users/eddle/.pico-sdk/sdk/2.1.1/src/rp2_common/pico_stdio/stdio.c.obj
 .ARM.attributes
                0x000005d2       0x2c CMakeFiles/firmware.dir/C_/Users/eddle/.pico-sdk/sdk/2.1.1/src/rp2_common/hardware_exception/exception.c.obj
 .ARM.attributes
                0x000005fe       0x22 pico-sdk/src/rp2040/boot_stage2/CMakeFiles/bs2_default_library.dir/./bs2_default_padded_checksummed.S.obj
 .ARM.attributes
                0x00000620       0x2c freertos/libfreertos.a(tasks.c.obj)
 .ARM.attributes
                0x0000064c       0x2c freertos/libfreertos.a(timers.c.obj)
 .ARM.attributes
                0x00000678       0x2c freertos/libfreertos.a(heap_3.c.obj)
 .ARM.attributes
                0x000006a4       0x2c freertos/libfreertos.a(port.c.obj)
 .ARM.attributes
                0x000006d0       0x2c freertos/libfreertos.a(event_groups.c.obj)
 .ARM.attributes
                0x000006fc       0x2c freertos/libfreertos.a(list.c.obj)
 .ARM.attributes
                0x00000728       0x2c freertos/libfreertos.a(queue.c.obj)
 .ARM.attributes
                0x00000754       0x1e C:/Users/eddle/.pico-sdk/toolchain/14_2_Rel1/bin/../lib/gcc/arm-none-eabi/14.2.1/thumb/v6-m/nofp\libgcc.a(_dvmd_tls.o)
 .ARM.attributes
                0x00000772       0x2c C:/Users/eddle/.pico-sdk/toolchain/14_2_Rel1/bin/../lib/gcc/arm-none-eabi/14.2.1/thumb/v6-m/nofp\libg.a(libc_a-malloc.o)
 .ARM.attributes
                0x0000079e       0x2c C:/Users/eddle/.pico-sdk/toolchain/14_2_Rel1/bin/../lib/gcc/arm-none-eabi/14.2.1/thumb/v6-m/nofp\libg.a(libc_a-mallocr.o)
 .ARM.attributes
                0x000007ca       0x2c C:/Users/eddle/.pico-sdk/toolchain/14_2_Rel1/bin/../lib/gcc/arm-none-eabi/14.2.1/thumb/v6-m/nofp\libg.a(libc_a-mlock.o)
 .ARM.attributes
                0x000007f6       0x2c C:/Users/eddle/.pico-sdk/toolchain/14_2_Rel1/bin/../lib/gcc/arm-none-eabi/14.2.1/thumb/v6-m/nofp\libg.a(libc_a-impure.o)
 .ARM.attributes
                0x00000822       0x2c C:/Users/eddle/.pico-sdk/toolchain/14_2_Rel1/bin/../lib/gcc/arm-none-eabi/14.2.1/thumb/v6-m/nofp\libg.a(libc_a-sbrkr.o)
 .ARM.attributes
                0x0000084e       0x2c C:/Users/eddle/.pico-sdk/toolchain/14_2_Rel1/bin/../lib/gcc/arm-none-eabi/14.2.1/thumb/v6-m/nofp\libg.a(libc_a-errno.o)
 .ARM.attributes
                0x0000087a       0x2c C:/Users/eddle/.pico-sdk/toolchain/14_2_Rel1/bin/../lib/gcc/arm-none-eabi/14.2.1/thumb/v6-m/nofp\libg.a(libc_a-lock.o)
 .ARM.attributes
                0x000008a6       0x2c C:/Users/eddle/.pico-sdk/toolchain/14_2_Rel1/bin/../lib/gcc/arm-none-eabi/14.2.1/thumb/v6-m/nofp\libg.a(libc_a-sysconf.o)
 .ARM.attributes
                0x000008d2       0x2c C:/Users/eddle/.pico-sdk/toolchain/14_2_Rel1/bin/../lib/gcc/arm-none-eabi/14.2.1/thumb/v6-m/nofp\libg.a(libc_a-strlen-stub.o)
 .ARM.attributes
                0x000008fe       0x2c C:/Users/eddle/.pico-sdk/toolchain/14_2_Rel1/bin/../lib/gcc/arm-none-eabi/14.2.1/thumb/v6-m/nofp\libg.a(libc_a-freer.o)
 .ARM.attributes
                0x0000092a       0x2c C:/Users/eddle/.pico-sdk/toolchain/14_2_Rel1/bin/../lib/gcc/arm-none-eabi/14.2.1/thumb/v6-m/nofp\libg.a(libc_a-findfp.o)
 .ARM.attributes
                0x00000956       0x2c C:/Users/eddle/.pico-sdk/toolchain/14_2_Rel1/bin/../lib/gcc/arm-none-eabi/14.2.1/thumb/v6-m/nofp\libg.a(libc_a-reent.o)
 .ARM.attributes
                0x00000982       0x2c C:/Users/eddle/.pico-sdk/toolchain/14_2_Rel1/bin/../lib/gcc/arm-none-eabi/14.2.1/thumb/v6-m/nofp/crtend.o

.comment        0x00000000       0x45
 .comment       0x00000000       0x45 CMakeFiles/firmware.dir/firmware.c.obj
                                 0x46 (size before relaxing)
 .comment       0x00000045       0x46 CMakeFiles/firmware.dir/C_/Users/eddle/.pico-sdk/sdk/2.1.1/src/rp2_common/hardware_gpio/gpio.c.obj
 .comment       0x00000045       0x46 CMakeFiles/firmware.dir/C_/Users/eddle/.pico-sdk/sdk/2.1.1/src/rp2_common/pico_platform_panic/panic.c.obj
 .comment       0x00000045       0x46 CMakeFiles/firmware.dir/C_/Users/eddle/.pico-sdk/sdk/2.1.1/src/common/hardware_claim/claim.c.obj
 .comment       0x00000045       0x46 CMakeFiles/firmware.dir/C_/Users/eddle/.pico-sdk/sdk/2.1.1/src/rp2_common/hardware_sync/sync.c.obj
 .comment       0x00000045       0x46 CMakeFiles/firmware.dir/C_/Users/eddle/.pico-sdk/sdk/2.1.1/src/rp2_common/hardware_sync_spin_lock/sync_spin_lock.c.obj
 .comment       0x00000045       0x46 CMakeFiles/firmware.dir/C_/Users/eddle/.pico-sdk/sdk/2.1.1/src/rp2_common/hardware_irq/irq.c.obj
 .comment       0x00000045       0x46 CMakeFiles/firmware.dir/C_/Users/eddle/.pico-sdk/sdk/2.1.1/src/common/pico_sync/lock_core.c.obj
 .comment       0x00000045       0x46 CMakeFiles/firmware.dir/C_/Users/eddle/.pico-sdk/sdk/2.1.1/src/common/pico_sync/mutex.c.obj
 .comment       0x00000045       0x46 CMakeFiles/firmware.dir/C_/Users/eddle/.pico-sdk/sdk/2.1.1/src/common/pico_time/time.c.obj
 .comment       0x00000045       0x46 CMakeFiles/firmware.dir/C_/Users/eddle/.pico-sdk/sdk/2.1.1/src/rp2_common/hardware_timer/timer.c.obj
 .comment       0x00000045       0x46 CMakeFiles/firmware.dir/C_/Users/eddle/.pico-sdk/sdk/2.1.1/src/rp2_common/hardware_clocks/clocks.c.obj
 .comment       0x00000045       0x46 CMakeFiles/firmware.dir/C_/Users/eddle/.pico-sdk/sdk/2.1.1/src/rp2_common/hardware_pll/pll.c.obj
 .comment       0x00000045       0x46 CMakeFiles/firmware.dir/C_/Users/eddle/.pico-sdk/sdk/2.1.1/src/rp2_common/hardware_ticks/ticks.c.obj
 .comment       0x00000045       0x46 CMakeFiles/firmware.dir/C_/Users/eddle/.pico-sdk/sdk/2.1.1/src/rp2_common/pico_bootrom/bootrom.c.obj
 .comment       0x00000045       0x46 CMakeFiles/firmware.dir/C_/Users/eddle/.pico-sdk/sdk/2.1.1/src/rp2_common/hardware_xosc/xosc.c.obj
 .comment       0x00000045       0x46 CMakeFiles/firmware.dir/C_/Users/eddle/.pico-sdk/sdk/2.1.1/src/rp2_common/pico_runtime/runtime.c.obj
 .comment       0x00000045       0x46 CMakeFiles/firmware.dir/C_/Users/eddle/.pico-sdk/sdk/2.1.1/src/rp2_common/pico_runtime_init/runtime_init.c.obj
 .comment       0x00000045       0x46 CMakeFiles/firmware.dir/C_/Users/eddle/.pico-sdk/sdk/2.1.1/src/rp2_common/pico_runtime_init/runtime_init_clocks.c.obj
 .comment       0x00000045       0x46 CMakeFiles/firmware.dir/C_/Users/eddle/.pico-sdk/sdk/2.1.1/src/rp2_common/pico_double/double_init_rom_rp2040.c.obj
 .comment       0x00000045       0x46 CMakeFiles/firmware.dir/C_/Users/eddle/.pico-sdk/sdk/2.1.1/src/rp2_common/pico_float/float_init_rom_rp2040.c.obj
 .comment       0x00000045       0x46 CMakeFiles/firmware.dir/C_/Users/eddle/.pico-sdk/sdk/2.1.1/src/rp2_common/pico_malloc/malloc.c.obj
 .comment       0x00000045       0x46 CMakeFiles/firmware.dir/C_/Users/eddle/.pico-sdk/sdk/2.1.1/src/rp2_common/pico_standard_binary_info/standard_binary_info.c.obj
 .comment       0x00000045       0x46 CMakeFiles/firmware.dir/C_/Users/eddle/.pico-sdk/sdk/2.1.1/src/rp2_common/pico_printf/printf.c.obj
 .comment       0x00000045       0x46 CMakeFiles/firmware.dir/C_/Users/eddle/.pico-sdk/sdk/2.1.1/src/rp2_common/pico_clib_interface/newlib_interface.c.obj
 .comment       0x00000045       0x46 CMakeFiles/firmware.dir/C_/Users/eddle/.pico-sdk/sdk/2.1.1/src/rp2_common/pico_stdio/stdio.c.obj
 .comment       0x00000045       0x46 CMakeFiles/firmware.dir/C_/Users/eddle/.pico-sdk/sdk/2.1.1/src/rp2_common/hardware_exception/exception.c.obj
 .comment       0x00000045       0x46 freertos/libfreertos.a(tasks.c.obj)
 .comment       0x00000045       0x46 freertos/libfreertos.a(timers.c.obj)
 .comment       0x00000045       0x46 freertos/libfreertos.a(heap_3.c.obj)
 .comment       0x00000045       0x46 freertos/libfreertos.a(port.c.obj)
 .comment       0x00000045       0x46 freertos/libfreertos.a(event_groups.c.obj)
 .comment       0x00000045       0x46 freertos/libfreertos.a(list.c.obj)
 .comment       0x00000045       0x46 freertos/libfreertos.a(queue.c.obj)

.debug_info     0x00000000    0x25017
 .debug_info    0x00000000      0x901 CMakeFiles/firmware.dir/firmware.c.obj
 .debug_info    0x00000901     0x242d CMakeFiles/firmware.dir/C_/Users/eddle/.pico-sdk/sdk/2.1.1/src/rp2_common/hardware_gpio/gpio.c.obj
 .debug_info    0x00002d2e      0x1bf CMakeFiles/firmware.dir/C_/Users/eddle/.pico-sdk/sdk/2.1.1/src/rp2_common/pico_platform_panic/panic.c.obj
 .debug_info    0x00002eed      0x9a1 CMakeFiles/firmware.dir/C_/Users/eddle/.pico-sdk/sdk/2.1.1/src/common/hardware_claim/claim.c.obj
 .debug_info    0x0000388e      0x45c CMakeFiles/firmware.dir/C_/Users/eddle/.pico-sdk/sdk/2.1.1/src/rp2_common/hardware_sync/sync.c.obj
 .debug_info    0x00003cea      0x245 CMakeFiles/firmware.dir/C_/Users/eddle/.pico-sdk/sdk/2.1.1/src/rp2_common/hardware_sync_spin_lock/sync_spin_lock.c.obj
 .debug_info    0x00003f2f     0x220f CMakeFiles/firmware.dir/C_/Users/eddle/.pico-sdk/sdk/2.1.1/src/rp2_common/hardware_irq/irq.c.obj
 .debug_info    0x0000613e      0x15f CMakeFiles/firmware.dir/C_/Users/eddle/.pico-sdk/sdk/2.1.1/src/common/pico_sync/lock_core.c.obj
 .debug_info    0x0000629d     0x27f1 CMakeFiles/firmware.dir/C_/Users/eddle/.pico-sdk/sdk/2.1.1/src/common/pico_sync/mutex.c.obj
 .debug_info    0x00008a8e     0x5036 CMakeFiles/firmware.dir/C_/Users/eddle/.pico-sdk/sdk/2.1.1/src/common/pico_time/time.c.obj
 .debug_info    0x0000dac4     0x2b13 CMakeFiles/firmware.dir/C_/Users/eddle/.pico-sdk/sdk/2.1.1/src/rp2_common/hardware_timer/timer.c.obj
 .debug_info    0x000105d7     0x2991 CMakeFiles/firmware.dir/C_/Users/eddle/.pico-sdk/sdk/2.1.1/src/rp2_common/hardware_clocks/clocks.c.obj
 .debug_info    0x00012f68      0x4e5 CMakeFiles/firmware.dir/C_/Users/eddle/.pico-sdk/sdk/2.1.1/src/rp2_common/hardware_pll/pll.c.obj
 .debug_info    0x0001344d      0x248 CMakeFiles/firmware.dir/C_/Users/eddle/.pico-sdk/sdk/2.1.1/src/rp2_common/hardware_ticks/ticks.c.obj
 .debug_info    0x00013695      0x678 CMakeFiles/firmware.dir/C_/Users/eddle/.pico-sdk/sdk/2.1.1/src/rp2_common/pico_bootrom/bootrom.c.obj
 .debug_info    0x00013d0d      0x1d0 CMakeFiles/firmware.dir/C_/Users/eddle/.pico-sdk/sdk/2.1.1/src/rp2_common/hardware_xosc/xosc.c.obj
 .debug_info    0x00013edd      0x21a CMakeFiles/firmware.dir/C_/Users/eddle/.pico-sdk/sdk/2.1.1/src/rp2_common/pico_runtime/runtime.c.obj
 .debug_info    0x000140f7      0x795 CMakeFiles/firmware.dir/C_/Users/eddle/.pico-sdk/sdk/2.1.1/src/rp2_common/pico_runtime_init/runtime_init.c.obj
 .debug_info    0x0001488c      0x781 CMakeFiles/firmware.dir/C_/Users/eddle/.pico-sdk/sdk/2.1.1/src/rp2_common/pico_runtime_init/runtime_init_clocks.c.obj
 .debug_info    0x0001500d       0x23 CMakeFiles/firmware.dir/C_/Users/eddle/.pico-sdk/sdk/2.1.1/src/rp2_common/pico_bit_ops/bit_ops_aeabi.S.obj
 .debug_info    0x00015030       0x23 CMakeFiles/firmware.dir/C_/Users/eddle/.pico-sdk/sdk/2.1.1/src/rp2_common/pico_divider/divider_hardware.S.obj
 .debug_info    0x00015053       0x23 CMakeFiles/firmware.dir/C_/Users/eddle/.pico-sdk/sdk/2.1.1/src/rp2_common/pico_double/double_aeabi_rp2040.S.obj
 .debug_info    0x00015076      0x27e CMakeFiles/firmware.dir/C_/Users/eddle/.pico-sdk/sdk/2.1.1/src/rp2_common/pico_double/double_init_rom_rp2040.c.obj
 .debug_info    0x000152f4       0x23 CMakeFiles/firmware.dir/C_/Users/eddle/.pico-sdk/sdk/2.1.1/src/rp2_common/pico_double/double_v1_rom_shim_rp2040.S.obj
 .debug_info    0x00015317       0x23 CMakeFiles/firmware.dir/C_/Users/eddle/.pico-sdk/sdk/2.1.1/src/rp2_common/pico_float/float_aeabi_rp2040.S.obj
 .debug_info    0x0001533a      0x27e CMakeFiles/firmware.dir/C_/Users/eddle/.pico-sdk/sdk/2.1.1/src/rp2_common/pico_float/float_init_rom_rp2040.c.obj
 .debug_info    0x000155b8       0x23 CMakeFiles/firmware.dir/C_/Users/eddle/.pico-sdk/sdk/2.1.1/src/rp2_common/pico_float/float_v1_rom_shim_rp2040.S.obj
 .debug_info    0x000155db      0x3e4 CMakeFiles/firmware.dir/C_/Users/eddle/.pico-sdk/sdk/2.1.1/src/rp2_common/pico_malloc/malloc.c.obj
 .debug_info    0x000159bf       0x23 CMakeFiles/firmware.dir/C_/Users/eddle/.pico-sdk/sdk/2.1.1/src/rp2_common/pico_mem_ops/mem_ops_aeabi.S.obj
 .debug_info    0x000159e2      0x2e2 CMakeFiles/firmware.dir/C_/Users/eddle/.pico-sdk/sdk/2.1.1/src/rp2_common/pico_standard_binary_info/standard_binary_info.c.obj
 .debug_info    0x00015cc4     0x22f2 CMakeFiles/firmware.dir/C_/Users/eddle/.pico-sdk/sdk/2.1.1/src/rp2_common/pico_printf/printf.c.obj
 .debug_info    0x00017fb6       0x23 CMakeFiles/firmware.dir/C_/Users/eddle/.pico-sdk/sdk/2.1.1/src/rp2_common/pico_crt0/crt0.S.obj
 .debug_info    0x00017fd9      0xb54 CMakeFiles/firmware.dir/C_/Users/eddle/.pico-sdk/sdk/2.1.1/src/rp2_common/pico_clib_interface/newlib_interface.c.obj
 .debug_info    0x00018b2d     0x1c1e CMakeFiles/firmware.dir/C_/Users/eddle/.pico-sdk/sdk/2.1.1/src/rp2_common/pico_stdio/stdio.c.obj
 .debug_info    0x0001a74b      0x6d1 CMakeFiles/firmware.dir/C_/Users/eddle/.pico-sdk/sdk/2.1.1/src/rp2_common/hardware_exception/exception.c.obj
 .debug_info    0x0001ae1c     0x3354 freertos/libfreertos.a(tasks.c.obj)
 .debug_info    0x0001e170     0x195c freertos/libfreertos.a(timers.c.obj)
 .debug_info    0x0001facc      0x1a0 freertos/libfreertos.a(heap_3.c.obj)
 .debug_info    0x0001fc6c     0x18fe freertos/libfreertos.a(port.c.obj)
 .debug_info    0x0002156a      0xc44 freertos/libfreertos.a(event_groups.c.obj)
 .debug_info    0x000221ae      0x2ba freertos/libfreertos.a(list.c.obj)
 .debug_info    0x00022468     0x2baf freertos/libfreertos.a(queue.c.obj)

.debug_abbrev   0x00000000     0x65fd
 .debug_abbrev  0x00000000      0x2a3 CMakeFiles/firmware.dir/firmware.c.obj
 .debug_abbrev  0x000002a3      0x50e CMakeFiles/firmware.dir/C_/Users/eddle/.pico-sdk/sdk/2.1.1/src/rp2_common/hardware_gpio/gpio.c.obj
 .debug_abbrev  0x000007b1      0x12b CMakeFiles/firmware.dir/C_/Users/eddle/.pico-sdk/sdk/2.1.1/src/rp2_common/pico_platform_panic/panic.c.obj
 .debug_abbrev  0x000008dc      0x328 CMakeFiles/firmware.dir/C_/Users/eddle/.pico-sdk/sdk/2.1.1/src/common/hardware_claim/claim.c.obj
 .debug_abbrev  0x00000c04      0x20f CMakeFiles/firmware.dir/C_/Users/eddle/.pico-sdk/sdk/2.1.1/src/rp2_common/hardware_sync/sync.c.obj
 .debug_abbrev  0x00000e13      0x1bb CMakeFiles/firmware.dir/C_/Users/eddle/.pico-sdk/sdk/2.1.1/src/rp2_common/hardware_sync_spin_lock/sync_spin_lock.c.obj
 .debug_abbrev  0x00000fce      0x614 CMakeFiles/firmware.dir/C_/Users/eddle/.pico-sdk/sdk/2.1.1/src/rp2_common/hardware_irq/irq.c.obj
 .debug_abbrev  0x000015e2       0xee CMakeFiles/firmware.dir/C_/Users/eddle/.pico-sdk/sdk/2.1.1/src/common/pico_sync/lock_core.c.obj
 .debug_abbrev  0x000016d0      0x48c CMakeFiles/firmware.dir/C_/Users/eddle/.pico-sdk/sdk/2.1.1/src/common/pico_sync/mutex.c.obj
 .debug_abbrev  0x00001b5c      0x659 CMakeFiles/firmware.dir/C_/Users/eddle/.pico-sdk/sdk/2.1.1/src/common/pico_time/time.c.obj
 .debug_abbrev  0x000021b5      0x4f2 CMakeFiles/firmware.dir/C_/Users/eddle/.pico-sdk/sdk/2.1.1/src/rp2_common/hardware_timer/timer.c.obj
 .debug_abbrev  0x000026a7      0x4eb CMakeFiles/firmware.dir/C_/Users/eddle/.pico-sdk/sdk/2.1.1/src/rp2_common/hardware_clocks/clocks.c.obj
 .debug_abbrev  0x00002b92      0x1d2 CMakeFiles/firmware.dir/C_/Users/eddle/.pico-sdk/sdk/2.1.1/src/rp2_common/hardware_pll/pll.c.obj
 .debug_abbrev  0x00002d64      0x145 CMakeFiles/firmware.dir/C_/Users/eddle/.pico-sdk/sdk/2.1.1/src/rp2_common/hardware_ticks/ticks.c.obj
 .debug_abbrev  0x00002ea9      0x1bc CMakeFiles/firmware.dir/C_/Users/eddle/.pico-sdk/sdk/2.1.1/src/rp2_common/pico_bootrom/bootrom.c.obj
 .debug_abbrev  0x00003065      0x11d CMakeFiles/firmware.dir/C_/Users/eddle/.pico-sdk/sdk/2.1.1/src/rp2_common/hardware_xosc/xosc.c.obj
 .debug_abbrev  0x00003182      0x182 CMakeFiles/firmware.dir/C_/Users/eddle/.pico-sdk/sdk/2.1.1/src/rp2_common/pico_runtime/runtime.c.obj
 .debug_abbrev  0x00003304      0x222 CMakeFiles/firmware.dir/C_/Users/eddle/.pico-sdk/sdk/2.1.1/src/rp2_common/pico_runtime_init/runtime_init.c.obj
 .debug_abbrev  0x00003526      0x2af CMakeFiles/firmware.dir/C_/Users/eddle/.pico-sdk/sdk/2.1.1/src/rp2_common/pico_runtime_init/runtime_init_clocks.c.obj
 .debug_abbrev  0x000037d5       0x12 CMakeFiles/firmware.dir/C_/Users/eddle/.pico-sdk/sdk/2.1.1/src/rp2_common/pico_bit_ops/bit_ops_aeabi.S.obj
 .debug_abbrev  0x000037e7       0x12 CMakeFiles/firmware.dir/C_/Users/eddle/.pico-sdk/sdk/2.1.1/src/rp2_common/pico_divider/divider_hardware.S.obj
 .debug_abbrev  0x000037f9       0x12 CMakeFiles/firmware.dir/C_/Users/eddle/.pico-sdk/sdk/2.1.1/src/rp2_common/pico_double/double_aeabi_rp2040.S.obj
 .debug_abbrev  0x0000380b      0x17a CMakeFiles/firmware.dir/C_/Users/eddle/.pico-sdk/sdk/2.1.1/src/rp2_common/pico_double/double_init_rom_rp2040.c.obj
 .debug_abbrev  0x00003985       0x12 CMakeFiles/firmware.dir/C_/Users/eddle/.pico-sdk/sdk/2.1.1/src/rp2_common/pico_double/double_v1_rom_shim_rp2040.S.obj
 .debug_abbrev  0x00003997       0x12 CMakeFiles/firmware.dir/C_/Users/eddle/.pico-sdk/sdk/2.1.1/src/rp2_common/pico_float/float_aeabi_rp2040.S.obj
 .debug_abbrev  0x000039a9      0x173 CMakeFiles/firmware.dir/C_/Users/eddle/.pico-sdk/sdk/2.1.1/src/rp2_common/pico_float/float_init_rom_rp2040.c.obj
 .debug_abbrev  0x00003b1c       0x12 CMakeFiles/firmware.dir/C_/Users/eddle/.pico-sdk/sdk/2.1.1/src/rp2_common/pico_float/float_v1_rom_shim_rp2040.S.obj
 .debug_abbrev  0x00003b2e      0x1ad CMakeFiles/firmware.dir/C_/Users/eddle/.pico-sdk/sdk/2.1.1/src/rp2_common/pico_malloc/malloc.c.obj
 .debug_abbrev  0x00003cdb       0x12 CMakeFiles/firmware.dir/C_/Users/eddle/.pico-sdk/sdk/2.1.1/src/rp2_common/pico_mem_ops/mem_ops_aeabi.S.obj
 .debug_abbrev  0x00003ced       0xb8 CMakeFiles/firmware.dir/C_/Users/eddle/.pico-sdk/sdk/2.1.1/src/rp2_common/pico_standard_binary_info/standard_binary_info.c.obj
 .debug_abbrev  0x00003da5      0x50c CMakeFiles/firmware.dir/C_/Users/eddle/.pico-sdk/sdk/2.1.1/src/rp2_common/pico_printf/printf.c.obj
 .debug_abbrev  0x000042b1       0x12 CMakeFiles/firmware.dir/C_/Users/eddle/.pico-sdk/sdk/2.1.1/src/rp2_common/pico_crt0/crt0.S.obj
 .debug_abbrev  0x000042c3      0x352 CMakeFiles/firmware.dir/C_/Users/eddle/.pico-sdk/sdk/2.1.1/src/rp2_common/pico_clib_interface/newlib_interface.c.obj
 .debug_abbrev  0x00004615      0x5d5 CMakeFiles/firmware.dir/C_/Users/eddle/.pico-sdk/sdk/2.1.1/src/rp2_common/pico_stdio/stdio.c.obj
 .debug_abbrev  0x00004bea      0x2e0 CMakeFiles/firmware.dir/C_/Users/eddle/.pico-sdk/sdk/2.1.1/src/rp2_common/hardware_exception/exception.c.obj
 .debug_abbrev  0x00004eca      0x4f8 freertos/libfreertos.a(tasks.c.obj)
 .debug_abbrev  0x000053c2      0x3ed freertos/libfreertos.a(timers.c.obj)
 .debug_abbrev  0x000057af      0x12a freertos/libfreertos.a(heap_3.c.obj)
 .debug_abbrev  0x000058d9      0x578 freertos/libfreertos.a(port.c.obj)
 .debug_abbrev  0x00005e51      0x2bf freertos/libfreertos.a(event_groups.c.obj)
 .debug_abbrev  0x00006110      0x103 freertos/libfreertos.a(list.c.obj)
 .debug_abbrev  0x00006213      0x3ea freertos/libfreertos.a(queue.c.obj)

.debug_loclists
                0x00000000    0x16a8e
 .debug_loclists
                0x00000000      0x1a8 CMakeFiles/firmware.dir/firmware.c.obj
 .debug_loclists
                0x000001a8     0x1ac0 CMakeFiles/firmware.dir/C_/Users/eddle/.pico-sdk/sdk/2.1.1/src/rp2_common/hardware_gpio/gpio.c.obj
 .debug_loclists
                0x00001c68      0x349 CMakeFiles/firmware.dir/C_/Users/eddle/.pico-sdk/sdk/2.1.1/src/common/hardware_claim/claim.c.obj
 .debug_loclists
                0x00001fb1      0x108 CMakeFiles/firmware.dir/C_/Users/eddle/.pico-sdk/sdk/2.1.1/src/rp2_common/hardware_sync/sync.c.obj
 .debug_loclists
                0x000020b9       0x7d CMakeFiles/firmware.dir/C_/Users/eddle/.pico-sdk/sdk/2.1.1/src/rp2_common/hardware_sync_spin_lock/sync_spin_lock.c.obj
 .debug_loclists
                0x00002136     0x11ed CMakeFiles/firmware.dir/C_/Users/eddle/.pico-sdk/sdk/2.1.1/src/rp2_common/hardware_irq/irq.c.obj
 .debug_loclists
                0x00003323       0x41 CMakeFiles/firmware.dir/C_/Users/eddle/.pico-sdk/sdk/2.1.1/src/common/pico_sync/lock_core.c.obj
 .debug_loclists
                0x00003364      0xaec CMakeFiles/firmware.dir/C_/Users/eddle/.pico-sdk/sdk/2.1.1/src/common/pico_sync/mutex.c.obj
 .debug_loclists
                0x00003e50     0x27d7 CMakeFiles/firmware.dir/C_/Users/eddle/.pico-sdk/sdk/2.1.1/src/common/pico_time/time.c.obj
 .debug_loclists
                0x00006627     0x19f6 CMakeFiles/firmware.dir/C_/Users/eddle/.pico-sdk/sdk/2.1.1/src/rp2_common/hardware_timer/timer.c.obj
 .debug_loclists
                0x0000801d     0x2b6f CMakeFiles/firmware.dir/C_/Users/eddle/.pico-sdk/sdk/2.1.1/src/rp2_common/hardware_clocks/clocks.c.obj
 .debug_loclists
                0x0000ab8c      0x1e0 CMakeFiles/firmware.dir/C_/Users/eddle/.pico-sdk/sdk/2.1.1/src/rp2_common/hardware_pll/pll.c.obj
 .debug_loclists
                0x0000ad6c       0x47 CMakeFiles/firmware.dir/C_/Users/eddle/.pico-sdk/sdk/2.1.1/src/rp2_common/hardware_ticks/ticks.c.obj
 .debug_loclists
                0x0000adb3      0x351 CMakeFiles/firmware.dir/C_/Users/eddle/.pico-sdk/sdk/2.1.1/src/rp2_common/pico_bootrom/bootrom.c.obj
 .debug_loclists
                0x0000b104       0x48 CMakeFiles/firmware.dir/C_/Users/eddle/.pico-sdk/sdk/2.1.1/src/rp2_common/hardware_xosc/xosc.c.obj
 .debug_loclists
                0x0000b14c       0x7e CMakeFiles/firmware.dir/C_/Users/eddle/.pico-sdk/sdk/2.1.1/src/rp2_common/pico_runtime/runtime.c.obj
 .debug_loclists
                0x0000b1ca       0xba CMakeFiles/firmware.dir/C_/Users/eddle/.pico-sdk/sdk/2.1.1/src/rp2_common/pico_runtime_init/runtime_init.c.obj
 .debug_loclists
                0x0000b284       0x74 CMakeFiles/firmware.dir/C_/Users/eddle/.pico-sdk/sdk/2.1.1/src/rp2_common/pico_runtime_init/runtime_init_clocks.c.obj
 .debug_loclists
                0x0000b2f8       0x3d CMakeFiles/firmware.dir/C_/Users/eddle/.pico-sdk/sdk/2.1.1/src/rp2_common/pico_double/double_init_rom_rp2040.c.obj
 .debug_loclists
                0x0000b335       0x59 CMakeFiles/firmware.dir/C_/Users/eddle/.pico-sdk/sdk/2.1.1/src/rp2_common/pico_float/float_init_rom_rp2040.c.obj
 .debug_loclists
                0x0000b38e      0x206 CMakeFiles/firmware.dir/C_/Users/eddle/.pico-sdk/sdk/2.1.1/src/rp2_common/pico_malloc/malloc.c.obj
 .debug_loclists
                0x0000b594     0x355f CMakeFiles/firmware.dir/C_/Users/eddle/.pico-sdk/sdk/2.1.1/src/rp2_common/pico_printf/printf.c.obj
 .debug_loclists
                0x0000eaf3      0x431 CMakeFiles/firmware.dir/C_/Users/eddle/.pico-sdk/sdk/2.1.1/src/rp2_common/pico_clib_interface/newlib_interface.c.obj
 .debug_loclists
                0x0000ef24      0xf31 CMakeFiles/firmware.dir/C_/Users/eddle/.pico-sdk/sdk/2.1.1/src/rp2_common/pico_stdio/stdio.c.obj
 .debug_loclists
                0x0000fe55      0x2cb CMakeFiles/firmware.dir/C_/Users/eddle/.pico-sdk/sdk/2.1.1/src/rp2_common/hardware_exception/exception.c.obj
 .debug_loclists
                0x00010120     0x2688 freertos/libfreertos.a(tasks.c.obj)
 .debug_loclists
                0x000127a8      0xf26 freertos/libfreertos.a(timers.c.obj)
 .debug_loclists
                0x000136ce       0x6f freertos/libfreertos.a(heap_3.c.obj)
 .debug_loclists
                0x0001373d      0x634 freertos/libfreertos.a(port.c.obj)
 .debug_loclists
                0x00013d71      0xb9c freertos/libfreertos.a(event_groups.c.obj)
 .debug_loclists
                0x0001490d       0x8f freertos/libfreertos.a(list.c.obj)
 .debug_loclists
                0x0001499c     0x20f2 freertos/libfreertos.a(queue.c.obj)

.debug_aranges  0x00000000     0x13a0
 .debug_aranges
                0x00000000       0x30 CMakeFiles/firmware.dir/firmware.c.obj
 .debug_aranges
                0x00000030      0x120 CMakeFiles/firmware.dir/C_/Users/eddle/.pico-sdk/sdk/2.1.1/src/rp2_common/hardware_gpio/gpio.c.obj
 .debug_aranges